Archive member included to satisfy reference by file (symbol)

/home/user/Документы/AT32IDE/platform/tools/gcc-arm-none-eabi-10.3-2021.10/bin/../lib/gcc/arm-none-eabi/10.3.1/../../../../arm-none-eabi/lib/thumb/v7e-m+fp/hard/libg_nano.a(lib_a-exit.o)
                              /home/user/Документы/AT32IDE/platform/tools/gcc-arm-none-eabi-10.3-2021.10/bin/../lib/gcc/arm-none-eabi/10.3.1/../../../../arm-none-eabi/lib/thumb/v7e-m+fp/hard/crt0.o (exit)
/home/user/Документы/AT32IDE/platform/tools/gcc-arm-none-eabi-10.3-2021.10/bin/../lib/gcc/arm-none-eabi/10.3.1/../../../../arm-none-eabi/lib/thumb/v7e-m+fp/hard/libg_nano.a(lib_a-impure.o)
                              /home/user/Документы/AT32IDE/platform/tools/gcc-arm-none-eabi-10.3-2021.10/bin/../lib/gcc/arm-none-eabi/10.3.1/../../../../arm-none-eabi/lib/thumb/v7e-m+fp/hard/libg_nano.a(lib_a-exit.o) (_global_impure_ptr)
/home/user/Документы/AT32IDE/platform/tools/gcc-arm-none-eabi-10.3-2021.10/bin/../lib/gcc/arm-none-eabi/10.3.1/../../../../arm-none-eabi/lib/thumb/v7e-m+fp/hard/libg_nano.a(lib_a-init.o)
                              /home/user/Документы/AT32IDE/platform/tools/gcc-arm-none-eabi-10.3-2021.10/bin/../lib/gcc/arm-none-eabi/10.3.1/../../../../arm-none-eabi/lib/thumb/v7e-m+fp/hard/crt0.o (__libc_init_array)
/home/user/Документы/AT32IDE/platform/tools/gcc-arm-none-eabi-10.3-2021.10/bin/../lib/gcc/arm-none-eabi/10.3.1/../../../../arm-none-eabi/lib/thumb/v7e-m+fp/hard/libg_nano.a(lib_a-memcpy-stub.o)
                              ./user/encoder_navigation.o (memcpy)
/home/user/Документы/AT32IDE/platform/tools/gcc-arm-none-eabi-10.3-2021.10/bin/../lib/gcc/arm-none-eabi/10.3.1/../../../../arm-none-eabi/lib/thumb/v7e-m+fp/hard/libg_nano.a(lib_a-memset.o)
                              /home/user/Документы/AT32IDE/platform/tools/gcc-arm-none-eabi-10.3-2021.10/bin/../lib/gcc/arm-none-eabi/10.3.1/../../../../arm-none-eabi/lib/thumb/v7e-m+fp/hard/crt0.o (memset)
/home/user/Документы/AT32IDE/platform/tools/gcc-arm-none-eabi-10.3-2021.10/bin/../lib/gcc/arm-none-eabi/10.3.1/../../../../arm-none-eabi/lib/thumb/v7e-m+fp/hard/libg_nano.a(lib_a-setvbuf.o)
                              ./bsp/at32f403a_407_board.o (setvbuf)
/home/user/Документы/AT32IDE/platform/tools/gcc-arm-none-eabi-10.3-2021.10/bin/../lib/gcc/arm-none-eabi/10.3.1/../../../../arm-none-eabi/lib/thumb/v7e-m+fp/hard/libg_nano.a(lib_a-swprintf.o)
                              ./user/menu_functions.o (swprintf)
/home/user/Документы/AT32IDE/platform/tools/gcc-arm-none-eabi-10.3-2021.10/bin/../lib/gcc/arm-none-eabi/10.3.1/../../../../arm-none-eabi/lib/thumb/v7e-m+fp/hard/libg_nano.a(lib_a-wcscpy.o)
                              ./user/menu_functions.o (wcscpy)
/home/user/Документы/AT32IDE/platform/tools/gcc-arm-none-eabi-10.3-2021.10/bin/../lib/gcc/arm-none-eabi/10.3.1/../../../../arm-none-eabi/lib/thumb/v7e-m+fp/hard/libg_nano.a(lib_a-wcstol.o)
                              ./user/menu_functions.o (wcstol)
/home/user/Документы/AT32IDE/platform/tools/gcc-arm-none-eabi-10.3-2021.10/bin/../lib/gcc/arm-none-eabi/10.3.1/../../../../arm-none-eabi/lib/thumb/v7e-m+fp/hard/libg_nano.a(lib_a-fflush.o)
                              /home/user/Документы/AT32IDE/platform/tools/gcc-arm-none-eabi-10.3-2021.10/bin/../lib/gcc/arm-none-eabi/10.3.1/../../../../arm-none-eabi/lib/thumb/v7e-m+fp/hard/libg_nano.a(lib_a-setvbuf.o) (_fflush_r)
/home/user/Документы/AT32IDE/platform/tools/gcc-arm-none-eabi-10.3-2021.10/bin/../lib/gcc/arm-none-eabi/10.3.1/../../../../arm-none-eabi/lib/thumb/v7e-m+fp/hard/libg_nano.a(lib_a-findfp.o)
                              /home/user/Документы/AT32IDE/platform/tools/gcc-arm-none-eabi-10.3-2021.10/bin/../lib/gcc/arm-none-eabi/10.3.1/../../../../arm-none-eabi/lib/thumb/v7e-m+fp/hard/libg_nano.a(lib_a-setvbuf.o) (__sinit)
/home/user/Документы/AT32IDE/platform/tools/gcc-arm-none-eabi-10.3-2021.10/bin/../lib/gcc/arm-none-eabi/10.3.1/../../../../arm-none-eabi/lib/thumb/v7e-m+fp/hard/libg_nano.a(lib_a-fwalk.o)
                              /home/user/Документы/AT32IDE/platform/tools/gcc-arm-none-eabi-10.3-2021.10/bin/../lib/gcc/arm-none-eabi/10.3.1/../../../../arm-none-eabi/lib/thumb/v7e-m+fp/hard/libg_nano.a(lib_a-findfp.o) (_fwalk)
/home/user/Документы/AT32IDE/platform/tools/gcc-arm-none-eabi-10.3-2021.10/bin/../lib/gcc/arm-none-eabi/10.3.1/../../../../arm-none-eabi/lib/thumb/v7e-m+fp/hard/libg_nano.a(lib_a-iswspace_l.o)
                              /home/user/Документы/AT32IDE/platform/tools/gcc-arm-none-eabi-10.3-2021.10/bin/../lib/gcc/arm-none-eabi/10.3.1/../../../../arm-none-eabi/lib/thumb/v7e-m+fp/hard/libg_nano.a(lib_a-wcstol.o) (iswspace_l)
/home/user/Документы/AT32IDE/platform/tools/gcc-arm-none-eabi-10.3-2021.10/bin/../lib/gcc/arm-none-eabi/10.3.1/../../../../arm-none-eabi/lib/thumb/v7e-m+fp/hard/libg_nano.a(lib_a-locale.o)
[...]
Memory Configuration

Name             Origin             Length             Attributes
FLASH            0x0000000008000000 0x0000000000100000 xr
RAM              0x0000000020000000 0x0000000000018000 xrw
SPIM             0x0000000008400000 0x0000000001000000 xr
*default*        0x0000000000000000 0xffffffffffffffff

Linker script and memory map

LOAD /home/user/Документы/AT32IDE/platform/tools/gcc-arm-none-eabi-10.3-2021.10/bin/../lib/gcc/arm-none-eabi/10.3.1/thumb/v7e-m+fp/hard/crti.o
LOAD /home/user/Документы/AT32IDE/platform/tools/gcc-arm-none-eabi-10.3-2021.10/bin/../lib/gcc/arm-none-eabi/10.3.1/thumb/v7e-m+fp/hard/crtbegin.o
LOAD /home/user/Документы/AT32IDE/platform/tools/gcc-arm-none-eabi-10.3-2021.10/bin/../lib/gcc/arm-none-eabi/10.3.1/../../../../arm-none-eabi/lib/thumb/v7e-m+fp/hard/crt0.o
LOAD ./user/hardware/spi/at32_video_ev_spi.o
LOAD ./user/hardware/lcd/at32_video_ev_font.o
LOAD ./user/hardware/lcd/at32_video_ev_lcd.o
LOAD ./user/at32f403a_407_clock.o
LOAD ./user/at32f403a_407_config.o
LOAD ./user/at32f403a_407_int.o
LOAD ./user/button_control.o
LOAD ./user/eeprom.o
LOAD ./user/encoder_navigation.o
LOAD ./user/images.o
LOAD ./user/main.o
LOAD ./user/menu_functions.o
LOAD ./user/ssd1306_menu.o
LOAD ./firmware/at32f403a_407_acc.o
LOAD ./firmware/at32f403a_407_adc.o
LOAD ./firmware/at32f403a_407_bpr.o
LOAD ./firmware/at32f403a_407_can.o
LOAD ./firmware/at32f403a_407_crc.o
LOAD ./firmware/at32f403a_407_crm.o
LOAD ./firmware/at32f403a_407_dac.o
LOAD ./firmware/at32f403a_407_debug.o
LOAD ./firmware/at32f403a_407_dma.o
LOAD ./firmware/at32f403a_407_emac.o
LOAD ./firmware/at32f403a_407_exint.o
LOAD ./firmware/at32f403a_407_flash.o
LOAD ./firmware/at32f403a_407_gpio.o
LOAD ./firmware/at32f403a_407_i2c.o
LOAD ./firmware/at32f403a_407_misc.o
LOAD ./firmware/at32f403a_407_pwc.o
LOAD ./firmware/at32f403a_407_rtc.o
LOAD ./firmware/at32f403a_407_sdio.o
LOAD ./firmware/at32f403a_407_spi.o
LOAD ./firmware/at32f403a_407_tmr.o
LOAD ./firmware/at32f403a_407_usart.o
LOAD ./firmware/at32f403a_407_usb.o
LOAD ./firmware/at32f403a_407_wdt.o
LOAD ./firmware/at32f403a_407_wwdt.o
LOAD ./firmware/at32f403a_407_xmc.o
LOAD ./cmsis/startup_at32f403a_407.o
LOAD ./cmsis/system_at32f403a_407.o
LOAD ./bsp/at32f403a_407_board.o
START GROUP
LOAD /home/user/Документы/AT32IDE/platform/tools/gcc-arm-none-eabi-10.3-2021.10/bin/../lib/gcc/arm-none-eabi/10.3.1/thumb/v7e-m+fp/hard/libgcc.a
LOAD /home/user/Документы/AT32IDE/platform/tools/gcc-arm-none-eabi-10.3-2021.10/bin/../lib/gcc/arm-none-eabi/10.3.1/../../../../arm-none-eabi/lib/thumb/v7e-m+fp/hard/libg_nano.a
LOAD /home/user/Документы/AT32IDE/platform/tools/gcc-arm-none-eabi-10.3-2021.10/bin/../lib/gcc/arm-none-eabi/10.3.1/../../../../arm-none-eabi/lib/thumb/v7e-m+fp/hard/libc_nano.a
END GROUP
START GROUP
LOAD /home/user/Документы/AT32IDE/platform/tools/gcc-arm-none-eabi-10.3-2021.10/bin/../lib/gcc/arm-none-eabi/10.3.1/thumb/v7e-m+fp/hard/libgcc.a
LOAD /home/user/Документы/AT32IDE/platform/tools/gcc-arm-none-eabi-10.3-2021.10/bin/../lib/gcc/arm-none-eabi/10.3.1/../../../../arm-none-eabi/lib/thumb/v7e-m+fp/hard/libc_nano.a
LOAD /home/user/Документы/AT32IDE/platform/tools/gcc-arm-none-eabi-10.3-2021.10/bin/../lib/gcc/arm-none-eabi/10.3.1/../../../../arm-none-eabi/lib/thumb/v7e-m+fp/hard/libnosys.a
END GROUP
START GROUP
LOAD /home/user/Документы/AT32IDE/platform/tools/gcc-arm-none-eabi-10.3-2021.10/bin/../lib/gcc/arm-none-eabi/10.3.1/thumb/v7e-m+fp/hard/libgcc.a
LOAD /home/user/Документы/AT32IDE/platform/tools/gcc-arm-none-eabi-10.3-2021.10/bin/../lib/gcc/arm-none-eabi/10.3.1/../../../../arm-none-eabi/lib/thumb/v7e-m+fp/hard/libc_nano.a
LOAD /home/user/Документы/AT32IDE/platform/tools/gcc-arm-none-eabi-10.3-2021.10/bin/../lib/gcc/arm-none-eabi/10.3.1/../../../../arm-none-eabi/lib/thumb/v7e-m+fp/hard/libnosys.a
END GROUP
LOAD /home/user/Документы/AT32IDE/platform/tools/gcc-arm-none-eabi-10.3-2021.10/bin/../lib/gcc/arm-none-eabi/10.3.1/thumb/v7e-m+fp/hard/crtend.o
LOAD /home/user/Документы/AT32IDE/platform/tools/gcc-arm-none-eabi-10.3-2021.10/bin/../lib/gcc/arm-none-eabi/10.3.1/thumb/v7e-m+fp/hard/crtn.o
                0x0000000020018000                _estack = 0x20018000
                0x0000000000000200                _Min_Heap_Size = 0x200
                0x0000000000000400                _Min_Stack_Size = 0x400

.isr_vector     0x0000000008000000      0x184
                0x0000000008000000                . = ALIGN (0x4)
 *(.isr_vector)
 .isr_vector    0x0000000008000000      0x184 ./cmsis/startup_at32f403a_407.o
                0x0000000008000000                g_pfnVectors
                0x0000000008000184                . = ALIGN (0x4)

.text           0x0000000008000190     0xa01c
                0x0000000008000190                . = ALIGN (0x4)
 *(.text)
 .text          0x0000000008000190       0x40 /home/user/Документы/AT32IDE/platform/tools/gcc-arm-none-eabi-10.3-2021.10/bin/../lib/gcc/arm-none-eabi/10.3.1/thumb/v7e-m+fp/hard/crtbegin.o
 .text          0x00000000080001d0       0xa0 /home/user/Документы/AT32IDE/platform/tools/gcc-arm-none-eabi-10.3-2021.10/bin/../lib/gcc/arm-none-eabi/10.3.1/../../../../arm-none-eabi/lib/thumb/v7e-m+fp/hard/libg_nano.a(lib_a-memchr.o)
                0x00000000080001d0                memchr
 .text          0x0000000008000270       0x10 /home/user/Документы/AT32IDE/platform/tools/gcc-arm-none-eabi-10.3-2021.10/bin/../lib/gcc/arm-none-eabi/10.3.1/../../../../arm-none-eabi/lib/thumb/v7e-m+fp/hard/libg_nano.a(lib_a-strlen.o)
                0x0000000008000270                strlen
 .text          0x0000000008000280      0x378 /home/user/Документы/AT32IDE/platform/tools/gcc-arm-none-eabi-10.3-2021.10/bin/../lib/gcc/arm-none-eabi/10.3.1/thumb/v7e-m+fp/hard/libgcc.a(_arm_addsubdf3.o)
                0x0000000008000280                __aeabi_drsub
                0x0000000008000288                __aeabi_dsub
                0x0000000008000288                __subdf3
                0x000000000800028c                __adddf3
                0x000000000800028c                __aeabi_dadd
                0x0000000008000504                __aeabi_ui2d
                0x0000000008000504                __floatunsidf
                0x0000000008000524                __floatsidf
                0x0000000008000524                __aeabi_i2d
                0x0000000008000548                __extendsfdf2
                0x0000000008000548                __aeabi_f2d
                0x000000000800058c                __aeabi_ul2d
                0x000000000800058c                __floatundidf
                0x000000000800059c                __floatdidf
                0x000000000800059c                __aeabi_l2d
 .text          0x00000000080005f8      0x424 /home/user/Документы/AT32IDE/platform/tools/gcc-arm-none-eabi-10.3-2021.10/bin/../lib/gcc/arm-none-eabi/10.3.1/thumb/v7e-m+fp/hard/libgcc.a(_arm_muldivdf3.o)
                0x00000000080005f8                __aeabi_dmul
                0x00000000080005f8                __muldf3
                0x000000000800084c                __aeabi_ddiv
                0x000000000800084c                __divdf3
 .text          0x0000000008000a1c      0x110 /home/user/Документы/AT32IDE/platform/tools/gcc-arm-none-eabi-10.3-2021.10/bin/../lib/gcc/arm-none-eabi/10.3.1/thumb/v7e-m+fp/hard/libgcc.a(_arm_cmpdf2.o)
                0x0000000008000a1c                __gtdf2
                0x0000000008000a1c                __gedf2
                0x0000000008000a24                __ltdf2
                0x0000000008000a24                __ledf2
                0x0000000008000a2c                __cmpdf2
                0x0000000008000a2c                __eqdf2
                0x0000000008000a2c                __nedf2
                0x0000000008000aa8                __aeabi_cdrcmple
                0x0000000008000ab8                __aeabi_cdcmple
                0x0000000008000ab8                __aeabi_cdcmpeq
                0x0000000008000ac8                __aeabi_dcmpeq
                0x0000000008000adc                __aeabi_dcmplt
                0x0000000008000af0                __aeabi_dcmple
                0x0000000008000b04                __aeabi_dcmpge
                0x0000000008000b18                __aeabi_dcmpgt
 .text          0x0000000008000b2c       0x2c /home/user/Документы/AT32IDE/platform/tools/gcc-arm-none-eabi-10.3-2021.10/bin/../lib/gcc/arm-none-eabi/10.3.1/thumb/v7e-m+fp/hard/libgcc.a(_arm_unorddf2.o)
                0x0000000008000b2c                __aeabi_dcmpun
                0x0000000008000b2c                __unorddf2
 .text          0x0000000008000b58       0x50 /home/user/Документы/AT32IDE/platform/tools/gcc-arm-none-eabi-10.3-2021.10/bin/../lib/gcc/arm-none-eabi/10.3.1/thumb/v7e-m+fp/hard/libgcc.a(_arm_fixdfsi.o)
                0x0000000008000b58                __fixdfsi
                0x0000000008000b58                __aeabi_d2iz
 *(.text*)
 .text.lcd_hw_init
                0x0000000008000ba8      0x1ac ./user/hardware/spi/at32_video_ev_spi.o
                0x0000000008000ba8                lcd_hw_init
 .text.lcd_spi1_write
                0x0000000008000d54       0x70 ./user/hardware/spi/at32_video_ev_spi.o
                0x0000000008000d54                lcd_spi1_write
 .text.getFontDataIndex
                0x0000000008000dc4       0xa2 ./user/hardware/lcd/at32_video_ev_font.o
                0x0000000008000dc4                getFontDataIndex
 *fill*         0x0000000008000e66        0x2 
 .text.lcd_display_buffer
                0x0000000008000e68       0x54 ./user/hardware/lcd/at32_video_ev_lcd.o
                0x0000000008000e68                lcd_display_buffer
 .text.lcd_wr_reg
                0x0000000008000ebc       0x2c ./user/hardware/lcd/at32_video_ev_lcd.o
                0x0000000008000ebc                lcd_wr_reg
 .text.lcd_wr_data
                0x0000000008000ee8       0x1a ./user/hardware/lcd/at32_video_ev_lcd.o
                0x0000000008000ee8                lcd_wr_data
 .text.lcd_wr_data16
                0x0000000008000f02       0x2a ./user/hardware/lcd/at32_video_ev_lcd.o
                0x0000000008000f02                lcd_wr_data16
 .text.lcd_draw_point
                0x0000000008000f2c       0x44 ./user/hardware/lcd/at32_video_ev_lcd.o
                0x0000000008000f2c                lcd_draw_point
 .text.st7735s_DrawBitmap
                0x0000000008000f70       0xfe ./user/hardware/lcd/at32_video_ev_lcd.o
                0x0000000008000f70                st7735s_DrawBitmap
 *fill*         0x000000000800106e        0x2 
 .text.blend_colors2
                0x0000000008001070       0xd8 ./user/hardware/lcd/at32_video_ev_lcd.o
                0x0000000008001070                blend_colors2
 .text.draw_transparent_png
                0x0000000008001148       0xdc ./user/hardware/lcd/at32_video_ev_lcd.o
                0x0000000008001148                draw_transparent_png
 .text.lcd_draw_line
                0x0000000008001224      0x10a ./user/hardware/lcd/at32_video_ev_lcd.o
                0x0000000008001224                lcd_draw_line
 .text.lcd_draw_filled_rectangle
                0x000000000800132e       0x64 ./user/hardware/lcd/at32_video_ev_lcd.o
                0x000000000800132e                lcd_draw_filled_rectangle
 .text.lcd_draw_circle_helper
                0x0000000008001392      0x17c ./user/hardware/lcd/at32_video_ev_lcd.o
                0x0000000008001392                lcd_draw_circle_helper
 .text.lcd_draw_filled_circle_helper
                0x000000000800150e      0x1a0 ./user/hardware/lcd/at32_video_ev_lcd.o
                0x000000000800150e                lcd_draw_filled_circle_helper
 .text.lcd_draw_round_rect
                0x00000000080016ae      0x18a ./user/hardware/lcd/at32_video_ev_lcd.o
                0x00000000080016ae                lcd_draw_round_rect
 .text.lcd_draw_filled_round_rect
                0x0000000008001838      0x1a0 ./user/hardware/lcd/at32_video_ev_lcd.o
                0x0000000008001838                lcd_draw_filled_round_rect
 .text.lcd_fill_circle
                0x00000000080019d8      0x194 ./user/hardware/lcd/at32_video_ev_lcd.o
                0x00000000080019d8                lcd_fill_circle
 .text.lcd_show_string
                0x0000000008001b6c       0xf8 ./user/hardware/lcd/at32_video_ev_lcd.o
                0x0000000008001b6c                lcd_show_string
 .text.lcd_show_char
                0x0000000008001c64      0x17c ./user/hardware/lcd/at32_video_ev_lcd.o
                0x0000000008001c64                lcd_show_char
 .text.blend_colors
                0x0000000008001de0       0xaa ./user/hardware/lcd/at32_video_ev_lcd.o
                0x0000000008001de0                blend_colors
 *fill*         0x0000000008001e8a        0x2 
 .text.lcd_set_window
                0x0000000008001e8c       0x98 ./user/hardware/lcd/at32_video_ev_lcd.o
                0x0000000008001e8c                lcd_set_window
 .text.lcd_scan_dir
                0x0000000008001f24       0xe8 ./user/hardware/lcd/at32_video_ev_lcd.o
                0x0000000008001f24                lcd_scan_dir
 .text.st7735s_initial
                0x000000000800200c      0x1dc ./user/hardware/lcd/at32_video_ev_lcd.o
                0x000000000800200c                st7735s_initial
 .text.lcd_init
                0x00000000080021e8       0x4c ./user/hardware/lcd/at32_video_ev_lcd.o
                0x00000000080021e8                lcd_init
 .text.lcd_clear
                0x0000000008002234       0x3c ./user/hardware/lcd/at32_video_ev_lcd.o
                0x0000000008002234                lcd_clear
 .text.system_clock_config
                0x0000000008002270       0x7a ./user/at32f403a_407_clock.o
                0x0000000008002270                system_clock_config
 *fill*         0x00000000080022ea        0x2 
 .text.wk_tmr2_init
                0x00000000080022ec       0xf0 ./user/at32f403a_407_config.o
                0x00000000080022ec                wk_tmr2_init
 .text.wk_exint_config
                0x00000000080023dc       0x64 ./user/at32f403a_407_config.o
                0x00000000080023dc                wk_exint_config
 .text.__NVIC_SetPriority
                0x0000000008002440       0x54 ./user/at32f403a_407_int.o
 .text.SysTick_Config
                0x0000000008002494       0x44 ./user/at32f403a_407_int.o
 .text.init_millis
                0x00000000080024d8       0x2c ./user/at32f403a_407_int.o
                0x00000000080024d8                init_millis
 .text.get_millis
                0x0000000008002504       0x18 ./user/at32f403a_407_int.o
                0x0000000008002504                get_millis
 .text.NMI_Handler
                0x000000000800251c        0xe ./user/at32f403a_407_int.o
                0x000000000800251c                NMI_Handler
 .text.HardFault_Handler
                0x000000000800252a        0x6 ./user/at32f403a_407_int.o
                0x000000000800252a                HardFault_Handler
 .text.MemManage_Handler
                0x0000000008002530        0x6 ./user/at32f403a_407_int.o
                0x0000000008002530                MemManage_Handler
 .text.BusFault_Handler
                0x0000000008002536        0x6 ./user/at32f403a_407_int.o
                0x0000000008002536                BusFault_Handler
 .text.UsageFault_Handler
                0x000000000800253c        0x6 ./user/at32f403a_407_int.o
                0x000000000800253c                UsageFault_Handler
 .text.SVC_Handler
                0x0000000008002542        0xe ./user/at32f403a_407_int.o
                0x0000000008002542                SVC_Handler
 .text.DebugMon_Handler
                0x0000000008002550        0xe ./user/at32f403a_407_int.o
                0x0000000008002550                DebugMon_Handler
 .text.PendSV_Handler
                0x000000000800255e        0xe ./user/at32f403a_407_int.o
                0x000000000800255e                PendSV_Handler
 .text.SysTick_Handler
                0x000000000800256c       0x1c ./user/at32f403a_407_int.o
                0x000000000800256c                SysTick_Handler
 .text.delay_unblocked
                0x0000000008002588       0xc4 ./user/at32f403a_407_int.o
                0x0000000008002588                delay_unblocked
 .text.TMR3_GLOBAL_IRQHandler
                0x000000000800264c       0x2c ./user/at32f403a_407_int.o
                0x000000000800264c                TMR3_GLOBAL_IRQHandler
 .text.EXINT3_IRQHandler
                0x0000000008002678       0x24 ./user/at32f403a_407_int.o
                0x0000000008002678                EXINT3_IRQHandler
 .text.EXINT4_IRQHandler
                0x000000000800269c       0x24 ./user/at32f403a_407_int.o
                0x000000000800269c                EXINT4_IRQHandler
 .text.get_time
                0x00000000080026c0       0x1c ./user/at32f403a_407_int.o
                0x00000000080026c0                get_time
 .text.TMR6_GLOBAL_IRQHandler
                0x00000000080026dc       0x1c ./user/at32f403a_407_int.o
                0x00000000080026dc                TMR6_GLOBAL_IRQHandler
 .text.TMR7_GLOBAL_IRQHandler
                0x00000000080026f8       0x34 ./user/at32f403a_407_int.o
                0x00000000080026f8                TMR7_GLOBAL_IRQHandler
 .text.init_button_par
                0x000000000800272c       0x24 ./user/button_control.o
                0x000000000800272c                init_button_par
 .text.check_button_mn
                0x0000000008002750       0x34 ./user/button_control.o
                0x0000000008002750                check_button_mn
 .text.check_button
                0x0000000008002784       0xdc ./user/button_control.o
                0x0000000008002784                check_button
 .text.wk_tmr7_init
                0x0000000008002860       0x44 ./user/button_control.o
                0x0000000008002860                wk_tmr7_init
 .text.button_exint_init
                0x00000000080028a4       0x44 ./user/button_control.o
                0x00000000080028a4                button_exint_init
 .text.flash_ee_page_erase
                0x00000000080028e8       0x42 ./user/eeprom.o
                0x00000000080028e8                flash_ee_page_erase
 *fill*         0x000000000800292a        0x2 
 .text.flash_ee_valid_page_get
                0x000000000800292c       0x8c ./user/eeprom.o
                0x000000000800292c                flash_ee_valid_page_get
 .text.flash_ee_write_no_check
                0x00000000080029b8       0xb8 ./user/eeprom.o
                0x00000000080029b8                flash_ee_write_no_check
 .text.flash_ee_copy_to_new_page
                0x0000000008002a70       0xf8 ./user/eeprom.o
                0x0000000008002a70                flash_ee_copy_to_new_page
 .text.flash_ee_format
                0x0000000008002b68       0x74 ./user/eeprom.o
                0x0000000008002b68                flash_ee_format
 .text.flash_ee_format_check
                0x0000000008002bdc       0x66 ./user/eeprom.o
                0x0000000008002bdc                flash_ee_format_check
 *fill*         0x0000000008002c42        0x2 
 .text.flash_ee_full_check
                0x0000000008002c44       0x64 ./user/eeprom.o
                0x0000000008002c44                flash_ee_full_check
 .text.flash_ee_erase_transfer
                0x0000000008002ca8       0x58 ./user/eeprom.o
                0x0000000008002ca8                flash_ee_erase_transfer
 .text.flash_ee_valid_transfer
                0x0000000008002d00       0x64 ./user/eeprom.o
                0x0000000008002d00                flash_ee_valid_transfer
 .text.flash_ee_init
                0x0000000008002d64      0x168 ./user/eeprom.o
                0x0000000008002d64                flash_ee_init
 .text.flash_ee_data_write
                0x0000000008002ecc       0x70 ./user/eeprom.o
                0x0000000008002ecc                flash_ee_data_write
 .text.flash_ee_data_read
                0x0000000008002f3c       0x8c ./user/eeprom.o
                0x0000000008002f3c                flash_ee_data_read
 .text.encoder_handler
                0x0000000008002fc8       0xe4 ./user/encoder_navigation.o
                0x0000000008002fc8                encoder_handler
 .text.TMR2_GLOBAL_IRQHandler
                0x00000000080030ac       0xd8 ./user/encoder_navigation.o
                0x00000000080030ac                TMR2_GLOBAL_IRQHandler
 .text.button_handlers
                0x0000000008003184       0xac ./user/encoder_navigation.o
                0x0000000008003184                button_handlers
 .text.EXINT2_IRQHandler
                0x0000000008003230       0x70 ./user/encoder_navigation.o
                0x0000000008003230                EXINT2_IRQHandler
 .text.extend_sram
                0x00000000080032a0       0x30 ./user/main.o
                0x00000000080032a0                extend_sram
 .text.main     0x00000000080032d0       0x94 ./user/main.o
                0x00000000080032d0                main
 .text.handleButton
                0x0000000008003364       0xe0 ./user/main.o
                0x0000000008003364                handleButton
 .text.crm_configuration
                0x0000000008003444       0xd8 ./user/main.o
                0x0000000008003444                crm_configuration
 .text.nvic_configuration
                0x000000000800351c       0x80 ./user/main.o
                0x000000000800351c                nvic_configuration
 .text.wk_system_clock_config
                0x000000000800359c       0x90 ./user/main.o
                0x000000000800359c                wk_system_clock_config
 .text.apply_changes
                0x000000000800362c       0x5c ./user/menu_functions.o
                0x000000000800362c                apply_changes
 .text.display_up_time
                0x0000000008003688       0x88 ./user/menu_functions.o
                0x0000000008003688                display_up_time
 .text.Screen_off
                0x0000000008003710       0x4c ./user/menu_functions.o
                0x0000000008003710                Screen_off
 .text.Geoscan_logotype
                0x000000000800375c      0x314 ./user/menu_functions.o
                0x000000000800375c                Geoscan_logotype
 .text.display_input_interface
                0x0000000008003a70      0x294 ./user/menu_functions.o
                0x0000000008003a70                display_input_interface
 .text.input_number_handler
                0x0000000008003d04      0x258 ./user/menu_functions.o
                0x0000000008003d04                input_number_handler
 .text.color_inversion
                0x0000000008003f5c       0x68 ./user/menu_functions.o
                0x0000000008003f5c                color_inversion
 .text.Information
                0x0000000008003fc4      0x518 ./user/menu_functions.o
                0x0000000008003fc4                Information
 .text.Brightness_selected
                0x00000000080044dc      0x174 ./user/menu_functions.o
                0x00000000080044dc                Brightness_selected
 .text.Back_func
                0x0000000008004650       0x38 ./user/ssd1306_menu.o
                0x0000000008004650                Back_func
 .text.display_status_bar
                0x0000000008004688       0xf8 ./user/ssd1306_menu.o
                0x0000000008004688                display_status_bar
 .text.display_menu_item
                0x0000000008004780      0x2ac ./user/ssd1306_menu.o
                0x0000000008004780                display_menu_item
 .text.display_scroll_bar
                0x0000000008004a2c       0xea ./user/ssd1306_menu.o
                0x0000000008004a2c                display_scroll_bar
 *fill*         0x0000000008004b16        0x2 
 .text.display_menu
                0x0000000008004b18       0xd0 ./user/ssd1306_menu.o
                0x0000000008004b18                display_menu
 .text.calculate_items_to_display
                0x0000000008004be8       0x80 ./user/ssd1306_menu.o
                0x0000000008004be8                calculate_items_to_display
 .text.menu_init
                0x0000000008004c68      0x18c ./user/ssd1306_menu.o
                0x0000000008004c68                menu_init
 .text.crm_reset
                0x0000000008004df4       0x6c ./firmware/at32f403a_407_crm.o
                0x0000000008004df4                crm_reset
 .text.crm_flag_get
                0x0000000008004e60       0x50 ./firmware/at32f403a_407_crm.o
                0x0000000008004e60                crm_flag_get
 .text.crm_hext_stable_wait
                0x0000000008004eb0       0x4a ./firmware/at32f403a_407_crm.o
                0x0000000008004eb0                crm_hext_stable_wait
 .text.crm_periph_clock_enable
                0x0000000008004efa       0x7c ./firmware/at32f403a_407_crm.o
                0x0000000008004efa                crm_periph_clock_enable
 *fill*         0x0000000008004f76        0x2 
 .text.crm_clock_source_enable
                0x0000000008004f78       0xa8 ./firmware/at32f403a_407_crm.o
                0x0000000008004f78                crm_clock_source_enable
 .text.crm_ahb_div_set
                0x0000000008005020       0x2c ./firmware/at32f403a_407_crm.o
                0x0000000008005020                crm_ahb_div_set
 .text.crm_apb1_div_set
                0x000000000800504c       0x2c ./firmware/at32f403a_407_crm.o
                0x000000000800504c                crm_apb1_div_set
 .text.crm_apb2_div_set
                0x0000000008005078       0x2c ./firmware/at32f403a_407_crm.o
                0x0000000008005078                crm_apb2_div_set
 .text.crm_pll_config
                0x00000000080050a4       0x9c ./firmware/at32f403a_407_crm.o
                0x00000000080050a4                crm_pll_config
 .text.crm_sysclk_switch
                0x0000000008005140       0x54 ./firmware/at32f403a_407_crm.o
                0x0000000008005140                crm_sysclk_switch
 .text.crm_sysclk_switch_status_get
                0x0000000008005194       0x1c ./firmware/at32f403a_407_crm.o
                0x0000000008005194                crm_sysclk_switch_status_get
 .text.crm_auto_step_mode_enable
                0x00000000080051b0       0x38 ./firmware/at32f403a_407_crm.o
                0x00000000080051b0                crm_auto_step_mode_enable
 .text.crm_hext_clock_div_set
                0x00000000080051e8       0x2c ./firmware/at32f403a_407_crm.o
                0x00000000080051e8                crm_hext_clock_div_set
 .text.dma_reset
                0x0000000008005214       0xac ./firmware/at32f403a_407_dma.o
                0x0000000008005214                dma_reset
 .text.dma_init
                0x00000000080052c0       0xc4 ./firmware/at32f403a_407_dma.o
                0x00000000080052c0                dma_init
 .text.exint_default_para_init
                0x0000000008005384       0x2c ./firmware/at32f403a_407_exint.o
                0x0000000008005384                exint_default_para_init
 .text.exint_init
                0x00000000080053b0       0xc8 ./firmware/at32f403a_407_exint.o
                0x00000000080053b0                exint_init
 .text.exint_flag_clear
                0x0000000008005478       0x3c ./firmware/at32f403a_407_exint.o
                0x0000000008005478                exint_flag_clear
 .text.flash_operation_status_get
                0x00000000080054b4       0x5c ./firmware/at32f403a_407_flash.o
                0x00000000080054b4                flash_operation_status_get
 .text.flash_bank1_operation_status_get
                0x0000000008005510       0x5c ./firmware/at32f403a_407_flash.o
                0x0000000008005510                flash_bank1_operation_status_get
 .text.flash_bank2_operation_status_get
                0x000000000800556c       0x5c ./firmware/at32f403a_407_flash.o
                0x000000000800556c                flash_bank2_operation_status_get
 .text.flash_spim_operation_status_get
                0x00000000080055c8       0x64 ./firmware/at32f403a_407_flash.o
                0x00000000080055c8                flash_spim_operation_status_get
 .text.flash_operation_wait_for
                0x000000000800562c       0x44 ./firmware/at32f403a_407_flash.o
                0x000000000800562c                flash_operation_wait_for
 .text.flash_bank1_operation_wait_for
                0x0000000008005670       0x44 ./firmware/at32f403a_407_flash.o
                0x0000000008005670                flash_bank1_operation_wait_for
 .text.flash_bank2_operation_wait_for
                0x00000000080056b4       0x44 ./firmware/at32f403a_407_flash.o
                0x00000000080056b4                flash_bank2_operation_wait_for
 .text.flash_spim_operation_wait_for
                0x00000000080056f8       0x44 ./firmware/at32f403a_407_flash.o
                0x00000000080056f8                flash_spim_operation_wait_for
 .text.flash_unlock
                0x000000000800573c       0x34 ./firmware/at32f403a_407_flash.o
                0x000000000800573c                flash_unlock
 .text.flash_lock
                0x0000000008005770       0x28 ./firmware/at32f403a_407_flash.o
                0x0000000008005770                flash_lock
 .text.flash_sector_erase
                0x0000000008005798       0xec ./firmware/at32f403a_407_flash.o
                0x0000000008005798                flash_sector_erase
 .text.flash_user_system_data_erase
                0x0000000008005884       0xb0 ./firmware/at32f403a_407_flash.o
                0x0000000008005884                flash_user_system_data_erase
 .text.flash_halfword_program
                0x0000000008005934       0xcc ./firmware/at32f403a_407_flash.o
                0x0000000008005934                flash_halfword_program
 .text.flash_user_system_data_program
                0x0000000008005a00       0x80 ./firmware/at32f403a_407_flash.o
                0x0000000008005a00                flash_user_system_data_program
 .text.flash_fap_status_get
                0x0000000008005a80       0x1c ./firmware/at32f403a_407_flash.o
                0x0000000008005a80                flash_fap_status_get
 .text.flash_spim_dummy_read
                0x0000000008005a9c       0x24 ./firmware/at32f403a_407_flash.o
                0x0000000008005a9c                flash_spim_dummy_read
 .text.gpio_init
                0x0000000008005ac0      0x138 ./firmware/at32f403a_407_gpio.o
                0x0000000008005ac0                gpio_init
 .text.gpio_default_para_init
                0x0000000008005bf8       0x34 ./firmware/at32f403a_407_gpio.o
                0x0000000008005bf8                gpio_default_para_init
 .text.gpio_input_data_bit_read
                0x0000000008005c2c       0x36 ./firmware/at32f403a_407_gpio.o
                0x0000000008005c2c                gpio_input_data_bit_read
 .text.gpio_pin_remap_config
                0x0000000008005c62       0x98 ./firmware/at32f403a_407_gpio.o
                0x0000000008005c62                gpio_pin_remap_config
 *fill*         0x0000000008005cfa        0x2 
 .text.gpio_exint_line_config
                0x0000000008005cfc       0xf8 ./firmware/at32f403a_407_gpio.o
                0x0000000008005cfc                gpio_exint_line_config
 .text.__NVIC_SetPriorityGrouping
                0x0000000008005df4       0x48 ./firmware/at32f403a_407_misc.o
 .text.__NVIC_GetPriorityGrouping
                0x0000000008005e3c       0x1c ./firmware/at32f403a_407_misc.o
 .text.__NVIC_EnableIRQ
                0x0000000008005e58       0x3c ./firmware/at32f403a_407_misc.o
 .text.__NVIC_SetPriority
                0x0000000008005e94       0x54 ./firmware/at32f403a_407_misc.o
 .text.NVIC_EncodePriority
                0x0000000008005ee8       0x66 ./firmware/at32f403a_407_misc.o
 *fill*         0x0000000008005f4e        0x2 
 .text.__NVIC_SystemReset
                0x0000000008005f50       0x2c ./firmware/at32f403a_407_misc.o
 .text.nvic_system_reset
                0x0000000008005f7c        0x8 ./firmware/at32f403a_407_misc.o
                0x0000000008005f7c                nvic_system_reset
 .text.nvic_irq_enable
                0x0000000008005f84       0x42 ./firmware/at32f403a_407_misc.o
                0x0000000008005f84                nvic_irq_enable
 .text.nvic_priority_group_config
                0x0000000008005fc6       0x1a ./firmware/at32f403a_407_misc.o
                0x0000000008005fc6                nvic_priority_group_config
 .text.systick_clock_source_config
                0x0000000008005fe0       0x3c ./firmware/at32f403a_407_misc.o
                0x0000000008005fe0                systick_clock_source_config
 .text.spi_default_para_init
                0x000000000800601c       0x44 ./firmware/at32f403a_407_spi.o
                0x000000000800601c                spi_default_para_init
 .text.spi_init
                0x0000000008006060      0x1a2 ./firmware/at32f403a_407_spi.o
                0x0000000008006060                spi_init
 .text.spi_enable
                0x0000000008006202       0x2a ./firmware/at32f403a_407_spi.o
                0x0000000008006202                spi_enable
 .text.spi_i2s_dma_transmitter_enable
                0x000000000800622c       0x2a ./firmware/at32f403a_407_spi.o
                0x000000000800622c                spi_i2s_dma_transmitter_enable
 .text.spi_i2s_data_transmit
                0x0000000008006256       0x1e ./firmware/at32f403a_407_spi.o
                0x0000000008006256                spi_i2s_data_transmit
 .text.spi_i2s_flag_get
                0x0000000008006274       0x32 ./firmware/at32f403a_407_spi.o
                0x0000000008006274                spi_i2s_flag_get
 .text.tmr_counter_enable
                0x00000000080062a6       0x2a ./firmware/at32f403a_407_tmr.o
                0x00000000080062a6                tmr_counter_enable
 .text.tmr_base_init
                0x00000000080062d0       0x2e ./firmware/at32f403a_407_tmr.o
                0x00000000080062d0                tmr_base_init
 .text.tmr_clock_source_div_set
                0x00000000080062fe       0x2a ./firmware/at32f403a_407_tmr.o
                0x00000000080062fe                tmr_clock_source_div_set
 .text.tmr_cnt_dir_set
                0x0000000008006328       0x2a ./firmware/at32f403a_407_tmr.o
                0x0000000008006328                tmr_cnt_dir_set
 .text.tmr_counter_value_set
                0x0000000008006352       0x1c ./firmware/at32f403a_407_tmr.o
                0x0000000008006352                tmr_counter_value_set
 .text.tmr_counter_value_get
                0x000000000800636e       0x18 ./firmware/at32f403a_407_tmr.o
                0x000000000800636e                tmr_counter_value_get
 .text.tmr_period_value_set
                0x0000000008006386       0x1c ./firmware/at32f403a_407_tmr.o
                0x0000000008006386                tmr_period_value_set
 .text.tmr_period_buffer_enable
                0x00000000080063a2       0x2a ./firmware/at32f403a_407_tmr.o
                0x00000000080063a2                tmr_period_buffer_enable
 .text.tmr_input_channel_init
                0x00000000080063cc      0x224 ./firmware/at32f403a_407_tmr.o
                0x00000000080063cc                tmr_input_channel_init
 .text.tmr_primary_mode_select
                0x00000000080065f0       0x2a ./firmware/at32f403a_407_tmr.o
                0x00000000080065f0                tmr_primary_mode_select
 .text.tmr_sub_sync_mode_set
                0x000000000800661a       0x2a ./firmware/at32f403a_407_tmr.o
                0x000000000800661a                tmr_sub_sync_mode_set
 .text.tmr_interrupt_enable
                0x0000000008006644       0x42 ./firmware/at32f403a_407_tmr.o
                0x0000000008006644                tmr_interrupt_enable
 .text.tmr_flag_get
                0x0000000008006686       0x32 ./firmware/at32f403a_407_tmr.o
                0x0000000008006686                tmr_flag_get
 .text.tmr_flag_clear
                0x00000000080066b8       0x1e ./firmware/at32f403a_407_tmr.o
                0x00000000080066b8                tmr_flag_clear
 .text.tmr_encoder_mode_config
                0x00000000080066d6       0xa0 ./firmware/at32f403a_407_tmr.o
                0x00000000080066d6                tmr_encoder_mode_config
 .text.usart_data_transmit
                0x0000000008006776       0x22 ./firmware/at32f403a_407_usart.o
                0x0000000008006776                usart_data_transmit
 .text.usart_flag_get
                0x0000000008006798       0x28 ./firmware/at32f403a_407_usart.o
                0x0000000008006798                usart_flag_get
 .text.Reset_Handler
                0x00000000080067c0       0x48 ./cmsis/startup_at32f403a_407.o
                0x00000000080067c0                Reset_Handler
 .text.Default_Handler
                0x0000000008006808        0x2 ./cmsis/startup_at32f403a_407.o
                0x0000000008006808                SDIO1_IRQHandler
                0x0000000008006808                XMC_IRQHandler
                0x0000000008006808                USBFS_L_CAN1_RX0_IRQHandler
                0x0000000008006808                UART8_IRQHandler
                0x0000000008006808                SPI4_IRQHandler
                0x0000000008006808                I2C2_EVT_IRQHandler
                0x0000000008006808                TMR1_OVF_TMR10_IRQHandler
                0x0000000008006808                TMR8_TRG_HALL_TMR14_IRQHandler
                0x0000000008006808                USBFS_H_CAN1_TX_IRQHandler
                0x0000000008006808                I2C1_ERR_IRQHandler
                0x0000000008006808                EXINT9_5_IRQHandler
                0x0000000008006808                EMAC_IRQHandler
                0x0000000008006808                CAN2_RX1_IRQHandler
                0x0000000008006808                TMR5_GLOBAL_IRQHandler
                0x0000000008006808                SDIO2_IRQHandler
                0x0000000008006808                ADC1_2_IRQHandler
                0x0000000008006808                SPI1_IRQHandler
                0x0000000008006808                TAMPER_IRQHandler
                0x0000000008006808                CAN2_RX0_IRQHandler
                0x0000000008006808                DMA2_Channel2_IRQHandler
                0x0000000008006808                DMA1_Channel4_IRQHandler
                0x0000000008006808                TMR8_CH_IRQHandler
                0x0000000008006808                USART6_IRQHandler
                0x0000000008006808                EXINT0_IRQHandler
                0x0000000008006808                USART3_IRQHandler
                0x0000000008006808                RTC_IRQHandler
                0x0000000008006808                DMA1_Channel7_IRQHandler
                0x0000000008006808                CAN1_RX1_IRQHandler
                0x0000000008006808                UART5_IRQHandler
                0x0000000008006808                ADC3_IRQHandler
                0x0000000008006808                ACC_IRQHandler
                0x0000000008006808                EMAC_WKUP_IRQHandler
                0x0000000008006808                DMA2_Channel1_IRQHandler
                0x0000000008006808                DMA1_Channel6_IRQHandler
                0x0000000008006808                UART4_IRQHandler
                0x0000000008006808                DMA1_Channel1_IRQHandler
                0x0000000008006808                Default_Handler
                0x0000000008006808                USBFS_MAPH_IRQHandler
                0x0000000008006808                CAN1_SE_IRQHandler
                0x0000000008006808                CAN2_TX_IRQHandler
                0x0000000008006808                I2C3_ERR_IRQHandler
                0x0000000008006808                SPI3_I2S3EXT_IRQHandler
                0x0000000008006808                TMR1_BRK_TMR9_IRQHandler
                0x0000000008006808                USBFS_MAPL_IRQHandler
                0x0000000008006808                TMR8_BRK_TMR12_IRQHandler
                0x0000000008006808                TMR1_TRG_HALL_TMR11_IRQHandler
                0x0000000008006808                DMA1_Channel5_IRQHandler
                0x0000000008006808                TMR4_GLOBAL_IRQHandler
                0x0000000008006808                CAN2_SE_IRQHandler
                0x0000000008006808                DMA2_Channel6_7_IRQHandler
                0x0000000008006808                PVM_IRQHandler
                0x0000000008006808                I2C3_EVT_IRQHandler
                0x0000000008006808                DMA1_Channel3_IRQHandler
                0x0000000008006808                I2C1_EVT_IRQHandler
                0x0000000008006808                TMR8_OVF_TMR13_IRQHandler
                0x0000000008006808                EXINT1_IRQHandler
                0x0000000008006808                RTCAlarm_IRQHandler
                0x0000000008006808                DMA2_Channel4_5_IRQHandler
                0x0000000008006808                UART7_IRQHandler
                0x0000000008006808                USART2_IRQHandler
                0x0000000008006808                DMA1_Channel2_IRQHandler
                0x0000000008006808                FLASH_IRQHandler
                0x0000000008006808                SPI2_I2S2EXT_IRQHandler
                0x0000000008006808                I2C2_ERR_IRQHandler
                0x0000000008006808                USBFSWakeUp_IRQHandler
                0x0000000008006808                USART1_IRQHandler
                0x0000000008006808                TMR1_CH_IRQHandler
                0x0000000008006808                CRM_IRQHandler
                0x0000000008006808                EXINT15_10_IRQHandler
                0x0000000008006808                WWDT_IRQHandler
                0x0000000008006808                DMA2_Channel3_IRQHandler
 *fill*         0x000000000800680a        0x2 
 .text.SystemInit
                0x000000000800680c       0x88 ./cmsis/system_at32f403a_407.o
                0x000000000800680c                SystemInit
 .text.system_core_clock_update
                0x0000000008006894      0x150 ./cmsis/system_at32f403a_407.o
                0x0000000008006894                system_core_clock_update
 .text._write   0x00000000080069e4       0x60 ./bsp/at32f403a_407_board.o
                0x00000000080069e4                _write
 .text.at32_board_init
                0x0000000008006a44       0x34 ./bsp/at32f403a_407_board.o
                0x0000000008006a44                at32_board_init
 .text.at32_button_init
                0x0000000008006a78       0x44 ./bsp/at32f403a_407_board.o
                0x0000000008006a78                at32_button_init
 .text.at32_led_init
                0x0000000008006abc       0x68 ./bsp/at32f403a_407_board.o
                0x0000000008006abc                at32_led_init
 .text.at32_led_off
                0x0000000008006b24       0x48 ./bsp/at32f403a_407_board.o
                0x0000000008006b24                at32_led_off
 .text.at32_led_toggle
                0x0000000008006b6c       0x54 ./bsp/at32f403a_407_board.o
                0x0000000008006b6c                at32_led_toggle
 .text.delay_init
                0x0000000008006bc0       0x40 ./bsp/at32f403a_407_board.o
                0x0000000008006bc0                delay_init
 .text.delay_ms
                0x0000000008006c00       0x98 ./bsp/at32f403a_407_board.o
                0x0000000008006c00                delay_ms
 .text.__libc_init_array
                0x0000000008006c98       0x48 /home/user/Документы/AT32IDE/platform/tools/gcc-arm-none-eabi-10.3-2021.10/bin/../lib/gcc/arm-none-eabi/10.3.1/../../../../arm-none-eabi/lib/thumb/v7e-m+fp/hard/libg_nano.a(lib_a-init.o)
                0x0000000008006c98                __libc_init_array
 .text.memcpy   0x0000000008006ce0       0x1c /home/user/Документы/AT32IDE/platform/tools/gcc-arm-none-eabi-10.3-2021.10/bin/../lib/gcc/arm-none-eabi/10.3.1/../../../../arm-none-eabi/lib/thumb/v7e-m+fp/hard/libg_nano.a(lib_a-memcpy-stub.o)
                0x0000000008006ce0                memcpy
 .text.memset   0x0000000008006cfc       0x10 /home/user/Документы/AT32IDE/platform/tools/gcc-arm-none-eabi-10.3-2021.10/bin/../lib/gcc/arm-none-eabi/10.3.1/../../../../arm-none-eabi/lib/thumb/v7e-m+fp/hard/libg_nano.a(lib_a-memset.o)
                0x0000000008006cfc                memset
 .text.swprintf
                0x0000000008006d0c       0x68 /home/user/Документы/AT32IDE/platform/tools/gcc-arm-none-eabi-10.3-2021.10/bin/../lib/gcc/arm-none-eabi/10.3.1/../../../../arm-none-eabi/lib/thumb/v7e-m+fp/hard/libg_nano.a(lib_a-swprintf.o)
                0x0000000008006d0c                swprintf
 .text.wcscpy   0x0000000008006d74       0x18 /home/user/Документы/AT32IDE/platform/tools/gcc-arm-none-eabi-10.3-2021.10/bin/../lib/gcc/arm-none-eabi/10.3.1/../../../../arm-none-eabi/lib/thumb/v7e-m+fp/hard/libg_nano.a(lib_a-wcscpy.o)
                0x0000000008006d74                wcscpy
 .text._wcstol_l
                0x0000000008006d8c       0xee /home/user/Документы/AT32IDE/platform/tools/gcc-arm-none-eabi-10.3-2021.10/bin/../lib/gcc/arm-none-eabi/10.3.1/../../../../arm-none-eabi/lib/thumb/v7e-m+fp/hard/libg_nano.a(lib_a-wcstol.o)
 *fill*         0x0000000008006e7a        0x2 
 .text.wcstol   0x0000000008006e7c       0x24 /home/user/Документы/AT32IDE/platform/tools/gcc-arm-none-eabi-10.3-2021.10/bin/../lib/gcc/arm-none-eabi/10.3.1/../../../../arm-none-eabi/lib/thumb/v7e-m+fp/hard/libg_nano.a(lib_a-wcstol.o)
                0x0000000008006e7c                wcstol
 .text.__sflush_r
                0x0000000008006ea0      0x10c /home/user/Документы/AT32IDE/platform/tools/gcc-arm-none-eabi-10.3-2021.10/bin/../lib/gcc/arm-none-eabi/10.3.1/../../../../arm-none-eabi/lib/thumb/v7e-m+fp/hard/libg_nano.a(lib_a-fflush.o)
                0x0000000008006ea0                __sflush_r
 .text._fflush_r
                0x0000000008006fac       0x78 /home/user/Документы/AT32IDE/platform/tools/gcc-arm-none-eabi-10.3-2021.10/bin/../lib/gcc/arm-none-eabi/10.3.1/../../../../arm-none-eabi/lib/thumb/v7e-m+fp/hard/libg_nano.a(lib_a-fflush.o)
                0x0000000008006fac                _fflush_r
 .text.std      0x0000000008007024       0x48 /home/user/Документы/AT32IDE/platform/tools/gcc-arm-none-eabi-10.3-2021.10/bin/../lib/gcc/arm-none-eabi/10.3.1/../../../../arm-none-eabi/lib/thumb/v7e-m+fp/hard/libg_nano.a(lib_a-findfp.o)
 .text._cleanup_r
                0x000000000800706c        0xc /home/user/Документы/AT32IDE/platform/tools/gcc-arm-none-eabi-10.3-2021.10/bin/../lib/gcc/arm-none-eabi/10.3.1/../../../../arm-none-eabi/lib/thumb/v7e-m+fp/hard/libg_nano.a(lib_a-findfp.o)
                0x000000000800706c                _cleanup_r
 .text.__sfmoreglue
                0x0000000008007078       0x2c /home/user/Документы/AT32IDE/platform/tools/gcc-arm-none-eabi-10.3-2021.10/bin/../lib/gcc/arm-none-eabi/10.3.1/../../../../arm-none-eabi/lib/thumb/v7e-m+fp/hard/libg_nano.a(lib_a-findfp.o)
                0x0000000008007078                __sfmoreglue
 .text.__sfp_lock_acquire
                0x00000000080070a4        0xc /home/user/Документы/AT32IDE/platform/tools/gcc-arm-none-eabi-10.3-2021.10/bin/../lib/gcc/arm-none-eabi/10.3.1/../../../../arm-none-eabi/lib/thumb/v7e-m+fp/hard/libg_nano.a(lib_a-findfp.o)
                0x00000000080070a4                __sfp_lock_acquire
 .text.__sfp_lock_release
                0x00000000080070b0        0xc /home/user/Документы/AT32IDE/platform/tools/gcc-arm-none-eabi-10.3-2021.10/bin/../lib/gcc/arm-none-eabi/10.3.1/../../../../arm-none-eabi/lib/thumb/v7e-m+fp/hard/libg_nano.a(lib_a-findfp.o)
                0x00000000080070b0                __sfp_lock_release
 .text.__sinit_lock_acquire
                0x00000000080070bc        0xc /home/user/Документы/AT32IDE/platform/tools/gcc-arm-none-eabi-10.3-2021.10/bin/../lib/gcc/arm-none-eabi/10.3.1/../../../../arm-none-eabi/lib/thumb/v7e-m+fp/hard/libg_nano.a(lib_a-findfp.o)
                0x00000000080070bc                __sinit_lock_acquire
 .text.__sinit_lock_release
                0x00000000080070c8        0xc /home/user/Документы/AT32IDE/platform/tools/gcc-arm-none-eabi-10.3-2021.10/bin/../lib/gcc/arm-none-eabi/10.3.1/../../../../arm-none-eabi/lib/thumb/v7e-m+fp/hard/libg_nano.a(lib_a-findfp.o)
                0x00000000080070c8                __sinit_lock_release
 .text.__sinit  0x00000000080070d4       0x70 /home/user/Документы/AT32IDE/platform/tools/gcc-arm-none-eabi-10.3-2021.10/bin/../lib/gcc/arm-none-eabi/10.3.1/../../../../arm-none-eabi/lib/thumb/v7e-m+fp/hard/libg_nano.a(lib_a-findfp.o)
                0x00000000080070d4                __sinit
 .text.__sfp    0x0000000008007144       0x8c /home/user/Документы/AT32IDE/platform/tools/gcc-arm-none-eabi-10.3-2021.10/bin/../lib/gcc/arm-none-eabi/10.3.1/../../../../arm-none-eabi/lib/thumb/v7e-m+fp/hard/libg_nano.a(lib_a-findfp.o)
                0x0000000008007144                __sfp
 .text._fwalk_reent
                0x00000000080071d0       0x3e /home/user/Документы/AT32IDE/platform/tools/gcc-arm-none-eabi-10.3-2021.10/bin/../lib/gcc/arm-none-eabi/10.3.1/../../../../arm-none-eabi/lib/thumb/v7e-m+fp/hard/libg_nano.a(lib_a-fwalk.o)
                0x00000000080071d0                _fwalk_reent
 *fill*         0x000000000800720e        0x2 
 .text.iswspace_l
                0x0000000008007210       0x14 /home/user/Документы/AT32IDE/platform/tools/gcc-arm-none-eabi-10.3-2021.10/bin/../lib/gcc/arm-none-eabi/10.3.1/../../../../arm-none-eabi/lib/thumb/v7e-m+fp/hard/libg_nano.a(lib_a-iswspace_l.o)
                0x0000000008007210                iswspace_l
 .text.__retarget_lock_init_recursive
                0x0000000008007224        0x2 /home/user/Документы/AT32IDE/platform/tools/gcc-arm-none-eabi-10.3-2021.10/bin/../lib/gcc/arm-none-eabi/10.3.1/../../../../arm-none-eabi/lib/thumb/v7e-m+fp/hard/libg_nano.a(lib_a-lock.o)
                0x0000000008007224                __retarget_lock_init_recursive
 .text.__retarget_lock_acquire_recursive
                0x0000000008007226        0x2 /home/user/Документы/AT32IDE/platform/tools/gcc-arm-none-eabi-10.3-2021.10/bin/../lib/gcc/arm-none-eabi/10.3.1/../../../../arm-none-eabi/lib/thumb/v7e-m+fp/hard/libg_nano.a(lib_a-lock.o)
                0x0000000008007226                __retarget_lock_acquire_recursive
 .text.__retarget_lock_release_recursive
                0x0000000008007228        0x2 /home/user/Документы/AT32IDE/platform/tools/gcc-arm-none-eabi-10.3-2021.10/bin/../lib/gcc/arm-none-eabi/10.3.1/../../../../arm-none-eabi/lib/thumb/v7e-m+fp/hard/libg_nano.a(lib_a-lock.o)
                0x0000000008007228                __retarget_lock_release_recursive
 .text.__swhatbuf_r
                0x000000000800722a       0x4a /home/user/Документы/AT32IDE/platform/tools/gcc-arm-none-eabi-10.3-2021.10/bin/../lib/gcc/arm-none-eabi/10.3.1/../../../../arm-none-eabi/lib/thumb/v7e-m+fp/hard/libg_nano.a(lib_a-makebuf.o)
                0x000000000800722a                __swhatbuf_r
 .text.__smakebuf_r
                0x0000000008007274       0x80 /home/user/Документы/AT32IDE/platform/tools/gcc-arm-none-eabi-10.3-2021.10/bin/../lib/gcc/arm-none-eabi/10.3.1/../../../../arm-none-eabi/lib/thumb/v7e-m+fp/hard/libg_nano.a(lib_a-makebuf.o)
                0x0000000008007274                __smakebuf_r
 .text.malloc   0x00000000080072f4       0x10 /home/user/Документы/AT32IDE/platform/tools/gcc-arm-none-eabi-10.3-2021.10/bin/../lib/gcc/arm-none-eabi/10.3.1/../../../../arm-none-eabi/lib/thumb/v7e-m+fp/hard/libg_nano.a(lib_a-malloc.o)
                0x00000000080072f4                malloc
 .text.__ascii_mbtowc
                0x0000000008007304       0x24 /home/user/Документы/AT32IDE/platform/tools/gcc-arm-none-eabi-10.3-2021.10/bin/../lib/gcc/arm-none-eabi/10.3.1/../../../../arm-none-eabi/lib/thumb/v7e-m+fp/hard/libg_nano.a(lib_a-mbtowc_r.o)
                0x0000000008007304                __ascii_mbtowc
 .text._free_r  0x0000000008007328       0x98 /home/user/Документы/AT32IDE/platform/tools/gcc-arm-none-eabi-10.3-2021.10/bin/../lib/gcc/arm-none-eabi/10.3.1/../../../../arm-none-eabi/lib/thumb/v7e-m+fp/hard/libg_nano.a(lib_a-nano-freer.o)
                0x0000000008007328                _free_r
 .text.sbrk_aligned
                0x00000000080073c0       0x40 /home/user/Документы/AT32IDE/platform/tools/gcc-arm-none-eabi-10.3-2021.10/bin/../lib/gcc/arm-none-eabi/10.3.1/../../../../arm-none-eabi/lib/thumb/v7e-m+fp/hard/libg_nano.a(lib_a-nano-mallocr.o)
 .text._malloc_r
                0x0000000008007400       0xe8 /home/user/Документы/AT32IDE/platform/tools/gcc-arm-none-eabi-10.3-2021.10/bin/../lib/gcc/arm-none-eabi/10.3.1/../../../../arm-none-eabi/lib/thumb/v7e-m+fp/hard/libg_nano.a(lib_a-nano-mallocr.o)
                0x0000000008007400                _malloc_r
 .text._sbrk_r  0x00000000080074e8       0x20 /home/user/Документы/AT32IDE/platform/tools/gcc-arm-none-eabi-10.3-2021.10/bin/../lib/gcc/arm-none-eabi/10.3.1/../../../../arm-none-eabi/lib/thumb/v7e-m+fp/hard/libg_nano.a(lib_a-sbrkr.o)
                0x00000000080074e8                _sbrk_r
 .text.__sread  0x0000000008007508       0x22 /home/user/Документы/AT32IDE/platform/tools/gcc-arm-none-eabi-10.3-2021.10/bin/../lib/gcc/arm-none-eabi/10.3.1/../../../../arm-none-eabi/lib/thumb/v7e-m+fp/hard/libg_nano.a(lib_a-stdio.o)
                0x0000000008007508                __sread
 .text.__swrite
                0x000000000800752a       0x38 /home/user/Документы/AT32IDE/platform/tools/gcc-arm-none-eabi-10.3-2021.10/bin/../lib/gcc/arm-none-eabi/10.3.1/../../../../arm-none-eabi/lib/thumb/v7e-m+fp/hard/libg_nano.a(lib_a-stdio.o)
                0x000000000800752a                __swrite
 .text.__sseek  0x0000000008007562       0x24 /home/user/Документы/AT32IDE/platform/tools/gcc-arm-none-eabi-10.3-2021.10/bin/../lib/gcc/arm-none-eabi/10.3.1/../../../../arm-none-eabi/lib/thumb/v7e-m+fp/hard/libg_nano.a(lib_a-stdio.o)
                0x0000000008007562                __sseek
 .text.__sclose
                0x0000000008007586        0x8 /home/user/Документы/AT32IDE/platform/tools/gcc-arm-none-eabi-10.3-2021.10/bin/../lib/gcc/arm-none-eabi/10.3.1/../../../../arm-none-eabi/lib/thumb/v7e-m+fp/hard/libg_nano.a(lib_a-stdio.o)
                0x0000000008007586                __sclose
 .text.wcvt     0x000000000800758e       0xe0 /home/user/Документы/AT32IDE/platform/tools/gcc-arm-none-eabi-10.3-2021.10/bin/../lib/gcc/arm-none-eabi/10.3.1/../../../../arm-none-eabi/lib/thumb/v7e-m+fp/hard/libg_nano.a(lib_a-svfwprintf.o)
 *fill*         0x000000000800766e        0x2 
 .text._svfwprintf_r
                0x0000000008007670      0xaf4 /home/user/Документы/AT32IDE/platform/tools/gcc-arm-none-eabi-10.3-2021.10/bin/../lib/gcc/arm-none-eabi/10.3.1/../../../../arm-none-eabi/lib/thumb/v7e-m+fp/hard/libg_nano.a(lib_a-svfwprintf.o)
                0x0000000008007670                _svfwprintf_r
 .text.wcslen   0x0000000008008164       0x12 /home/user/Документы/AT32IDE/platform/tools/gcc-arm-none-eabi-10.3-2021.10/bin/../lib/gcc/arm-none-eabi/10.3.1/../../../../arm-none-eabi/lib/thumb/v7e-m+fp/hard/libg_nano.a(lib_a-wcslen.o)
                0x0000000008008164                wcslen
 .text.__ascii_wctomb
                0x0000000008008176       0x1a /home/user/Документы/AT32IDE/platform/tools/gcc-arm-none-eabi-10.3-2021.10/bin/../lib/gcc/arm-none-eabi/10.3.1/../../../../arm-none-eabi/lib/thumb/v7e-m+fp/hard/libg_nano.a(lib_a-wctomb_r.o)
                0x0000000008008176                __ascii_wctomb
 .text.wmemchr  0x0000000008008190       0x1e /home/user/Документы/AT32IDE/platform/tools/gcc-arm-none-eabi-10.3-2021.10/bin/../lib/gcc/arm-none-eabi/10.3.1/../../../../arm-none-eabi/lib/thumb/v7e-m+fp/hard/libg_nano.a(lib_a-wmemchr.o)
                0x0000000008008190                wmemchr
 *fill*         0x00000000080081ae        0x2 
 .text._write_r
                0x00000000080081b0       0x24 /home/user/Документы/AT32IDE/platform/tools/gcc-arm-none-eabi-10.3-2021.10/bin/../lib/gcc/arm-none-eabi/10.3.1/../../../../arm-none-eabi/lib/thumb/v7e-m+fp/hard/libg_nano.a(lib_a-writer.o)
                0x00000000080081b0                _write_r
 .text.btowc    0x00000000080081d4       0x94 /home/user/Документы/AT32IDE/platform/tools/gcc-arm-none-eabi-10.3-2021.10/bin/../lib/gcc/arm-none-eabi/10.3.1/../../../../arm-none-eabi/lib/thumb/v7e-m+fp/hard/libg_nano.a(lib_a-btowc.o)
                0x00000000080081d4                btowc
 .text._close_r
                0x0000000008008268       0x20 /home/user/Документы/AT32IDE/platform/tools/gcc-arm-none-eabi-10.3-2021.10/bin/../lib/gcc/arm-none-eabi/10.3.1/../../../../arm-none-eabi/lib/thumb/v7e-m+fp/hard/libg_nano.a(lib_a-closer.o)
                0x0000000008008268                _close_r
 .text.quorem   0x0000000008008288      0x116 /home/user/Документы/AT32IDE/platform/tools/gcc-arm-none-eabi-10.3-2021.10/bin/../lib/gcc/arm-none-eabi/10.3.1/../../../../arm-none-eabi/lib/thumb/v7e-m+fp/hard/libg_nano.a(lib_a-dtoa.o)
 *fill*         0x000000000800839e        0x2 
 .text._dtoa_r  0x00000000080083a0      0xbdc /home/user/Документы/AT32IDE/platform/tools/gcc-arm-none-eabi-10.3-2021.10/bin/../lib/gcc/arm-none-eabi/10.3.1/../../../../arm-none-eabi/lib/thumb/v7e-m+fp/hard/libg_nano.a(lib_a-dtoa.o)
                0x00000000080083a0                _dtoa_r
 .text._fstat_r
                0x0000000008008f7c       0x24 /home/user/Документы/AT32IDE/platform/tools/gcc-arm-none-eabi-10.3-2021.10/bin/../lib/gcc/arm-none-eabi/10.3.1/../../../../arm-none-eabi/lib/thumb/v7e-m+fp/hard/libg_nano.a(lib_a-fstatr.o)
                0x0000000008008f7c                _fstat_r
 .text._isatty_r
                0x0000000008008fa0       0x20 /home/user/Документы/AT32IDE/platform/tools/gcc-arm-none-eabi-10.3-2021.10/bin/../lib/gcc/arm-none-eabi/10.3.1/../../../../arm-none-eabi/lib/thumb/v7e-m+fp/hard/libg_nano.a(lib_a-isattyr.o)
                0x0000000008008fa0                _isatty_r
 .text._localeconv_r
                0x0000000008008fc0        0x8 /home/user/Документы/AT32IDE/platform/tools/gcc-arm-none-eabi-10.3-2021.10/bin/../lib/gcc/arm-none-eabi/10.3.1/../../../../arm-none-eabi/lib/thumb/v7e-m+fp/hard/libg_nano.a(lib_a-localeconv.o)
                0x0000000008008fc0                _localeconv_r
 .text._lseek_r
                0x0000000008008fc8       0x24 /home/user/Документы/AT32IDE/platform/tools/gcc-arm-none-eabi-10.3-2021.10/bin/../lib/gcc/arm-none-eabi/10.3.1/../../../../arm-none-eabi/lib/thumb/v7e-m+fp/hard/libg_nano.a(lib_a-lseekr.o)
                0x0000000008008fc8                _lseek_r
 .text.__malloc_lock
                0x0000000008008fec        0xc /home/user/Документы/AT32IDE/platform/tools/gcc-arm-none-eabi-10.3-2021.10/bin/../lib/gcc/arm-none-eabi/10.3.1/../../../../arm-none-eabi/lib/thumb/v7e-m+fp/hard/libg_nano.a(lib_a-mlock.o)
                0x0000000008008fec                __malloc_lock
 .text.__malloc_unlock
                0x0000000008008ff8        0xc /home/user/Документы/AT32IDE/platform/tools/gcc-arm-none-eabi-10.3-2021.10/bin/../lib/gcc/arm-none-eabi/10.3.1/../../../../arm-none-eabi/lib/thumb/v7e-m+fp/hard/libg_nano.a(lib_a-mlock.o)
                0x0000000008008ff8                __malloc_unlock
 .text._Balloc  0x0000000008009004       0x80 /home/user/Документы/AT32IDE/platform/tools/gcc-arm-none-eabi-10.3-2021.10/bin/../lib/gcc/arm-none-eabi/10.3.1/../../../../arm-none-eabi/lib/thumb/v7e-m+fp/hard/libg_nano.a(lib_a-mprec.o)
                0x0000000008009004                _Balloc
 .text._Bfree   0x0000000008009084       0x44 /home/user/Документы/AT32IDE/platform/tools/gcc-arm-none-eabi-10.3-2021.10/bin/../lib/gcc/arm-none-eabi/10.3.1/../../../../arm-none-eabi/lib/thumb/v7e-m+fp/hard/libg_nano.a(lib_a-mprec.o)
                0x0000000008009084                _Bfree
 .text.__multadd
                0x00000000080090c8       0x8c /home/user/Документы/AT32IDE/platform/tools/gcc-arm-none-eabi-10.3-2021.10/bin/../lib/gcc/arm-none-eabi/10.3.1/../../../../arm-none-eabi/lib/thumb/v7e-m+fp/hard/libg_nano.a(lib_a-mprec.o)
                0x00000000080090c8                __multadd
 .text.__hi0bits
                0x0000000008009154       0x40 /home/user/Документы/AT32IDE/platform/tools/gcc-arm-none-eabi-10.3-2021.10/bin/../lib/gcc/arm-none-eabi/10.3.1/../../../../arm-none-eabi/lib/thumb/v7e-m+fp/hard/libg_nano.a(lib_a-mprec.o)
                0x0000000008009154                __hi0bits
 .text.__lo0bits
                0x0000000008009194       0x5e /home/user/Документы/AT32IDE/platform/tools/gcc-arm-none-eabi-10.3-2021.10/bin/../lib/gcc/arm-none-eabi/10.3.1/../../../../arm-none-eabi/lib/thumb/v7e-m+fp/hard/libg_nano.a(lib_a-mprec.o)
                0x0000000008009194                __lo0bits
 *fill*         0x00000000080091f2        0x2 
 .text.__i2b    0x00000000080091f4       0x2c /home/user/Документы/AT32IDE/platform/tools/gcc-arm-none-eabi-10.3-2021.10/bin/../lib/gcc/arm-none-eabi/10.3.1/../../../../arm-none-eabi/lib/thumb/v7e-m+fp/hard/libg_nano.a(lib_a-mprec.o)
                0x00000000080091f4                __i2b
 .text.__multiply
                0x0000000008009220      0x154 /home/user/Документы/AT32IDE/platform/tools/gcc-arm-none-eabi-10.3-2021.10/bin/../lib/gcc/arm-none-eabi/10.3.1/../../../../arm-none-eabi/lib/thumb/v7e-m+fp/hard/libg_nano.a(lib_a-mprec.o)
                0x0000000008009220                __multiply
 .text.__pow5mult
                0x0000000008009374       0xb4 /home/user/Документы/AT32IDE/platform/tools/gcc-arm-none-eabi-10.3-2021.10/bin/../lib/gcc/arm-none-eabi/10.3.1/../../../../arm-none-eabi/lib/thumb/v7e-m+fp/hard/libg_nano.a(lib_a-mprec.o)
                0x0000000008009374                __pow5mult
 .text.__lshift
                0x0000000008009428       0xe0 /home/user/Документы/AT32IDE/platform/tools/gcc-arm-none-eabi-10.3-2021.10/bin/../lib/gcc/arm-none-eabi/10.3.1/../../../../arm-none-eabi/lib/thumb/v7e-m+fp/hard/libg_nano.a(lib_a-mprec.o)
                0x0000000008009428                __lshift
 .text.__mcmp   0x0000000008009508       0x38 /home/user/Документы/AT32IDE/platform/tools/gcc-arm-none-eabi-10.3-2021.10/bin/../lib/gcc/arm-none-eabi/10.3.1/../../../../arm-none-eabi/lib/thumb/v7e-m+fp/hard/libg_nano.a(lib_a-mprec.o)
                0x0000000008009508                __mcmp
 .text.__mdiff  0x0000000008009540      0x114 /home/user/Документы/AT32IDE/platform/tools/gcc-arm-none-eabi-10.3-2021.10/bin/../lib/gcc/arm-none-eabi/10.3.1/../../../../arm-none-eabi/lib/thumb/v7e-m+fp/hard/libg_nano.a(lib_a-mprec.o)
                0x0000000008009540                __mdiff
 .text.__d2b    0x0000000008009654       0xb8 /home/user/Документы/AT32IDE/platform/tools/gcc-arm-none-eabi-10.3-2021.10/bin/../lib/gcc/arm-none-eabi/10.3.1/../../../../arm-none-eabi/lib/thumb/v7e-m+fp/hard/libg_nano.a(lib_a-mprec.o)
                0x0000000008009654                __d2b
 .text._calloc_r
                0x000000000800970c       0x2c /home/user/Документы/AT32IDE/platform/tools/gcc-arm-none-eabi-10.3-2021.10/bin/../lib/gcc/arm-none-eabi/10.3.1/../../../../arm-none-eabi/lib/thumb/v7e-m+fp/hard/libg_nano.a(lib_a-nano-callocr.o)
                0x000000000800970c                _calloc_r
 .text.__ssputs_r
                0x0000000008009738       0xb6 /home/user/Документы/AT32IDE/platform/tools/gcc-arm-none-eabi-10.3-2021.10/bin/../lib/gcc/arm-none-eabi/10.3.1/../../../../arm-none-eabi/lib/thumb/v7e-m+fp/hard/libg_nano.a(lib_a-nano-svfprintf.o)
                0x0000000008009738                __ssputs_r
 .text._printf_common
                0x00000000080097ee       0xda /home/user/Документы/AT32IDE/platform/tools/gcc-arm-none-eabi-10.3-2021.10/bin/../lib/gcc/arm-none-eabi/10.3.1/../../../../arm-none-eabi/lib/thumb/v7e-m+fp/hard/libg_nano.a(lib_a-nano-vfprintf_i.o)
                0x00000000080097ee                _printf_common
 .text._printf_i
                0x00000000080098c8      0x24c /home/user/Документы/AT32IDE/platform/tools/gcc-arm-none-eabi-10.3-2021.10/bin/../lib/gcc/arm-none-eabi/10.3.1/../../../../arm-none-eabi/lib/thumb/v7e-m+fp/hard/libg_nano.a(lib_a-nano-vfprintf_i.o)
                0x00000000080098c8                _printf_i
 .text._read_r  0x0000000008009b14       0x24 /home/user/Документы/AT32IDE/platform/tools/gcc-arm-none-eabi-10.3-2021.10/bin/../lib/gcc/arm-none-eabi/10.3.1/../../../../arm-none-eabi/lib/thumb/v7e-m+fp/hard/libg_nano.a(lib_a-readr.o)
                0x0000000008009b14                _read_r
 .text.__assert_func
                0x0000000008009b38       0x3c /home/user/Документы/AT32IDE/platform/tools/gcc-arm-none-eabi-10.3-2021.10/bin/../lib/gcc/arm-none-eabi/10.3.1/../../../../arm-none-eabi/lib/thumb/v7e-m+fp/hard/libg_nano.a(lib_a-assert.o)
                0x0000000008009b38                __assert_func
 .text.fprintf  0x0000000008009b74       0x24 /home/user/Документы/AT32IDE/platform/tools/gcc-arm-none-eabi-10.3-2021.10/bin/../lib/gcc/arm-none-eabi/10.3.1/../../../../arm-none-eabi/lib/thumb/v7e-m+fp/hard/libg_nano.a(lib_a-fprintf.o)
                0x0000000008009b74                fprintf
                0x0000000008009b74                fiprintf
 .text.memmove  0x0000000008009b98       0x34 /home/user/Документы/AT32IDE/platform/tools/gcc-arm-none-eabi-10.3-2021.10/bin/../lib/gcc/arm-none-eabi/10.3.1/../../../../arm-none-eabi/lib/thumb/v7e-m+fp/hard/libg_nano.a(lib_a-memmove.o)
                0x0000000008009b98                memmove
 .text._realloc_r
                0x0000000008009bcc       0x5e /home/user/Документы/AT32IDE/platform/tools/gcc-arm-none-eabi-10.3-2021.10/bin/../lib/gcc/arm-none-eabi/10.3.1/../../../../arm-none-eabi/lib/thumb/v7e-m+fp/hard/libg_nano.a(lib_a-nano-reallocr.o)
                0x0000000008009bcc                _realloc_r
 .text.__sfputc_r
                0x0000000008009c2a       0x2e /home/user/Документы/AT32IDE/platform/tools/gcc-arm-none-eabi-10.3-2021.10/bin/../lib/gcc/arm-none-eabi/10.3.1/../../../../arm-none-eabi/lib/thumb/v7e-m+fp/hard/libg_nano.a(lib_a-nano-vfprintf.o)
 .text.__sfputs_r
                0x0000000008009c58       0x24 /home/user/Документы/AT32IDE/platform/tools/gcc-arm-none-eabi-10.3-2021.10/bin/../lib/gcc/arm-none-eabi/10.3.1/../../../../arm-none-eabi/lib/thumb/v7e-m+fp/hard/libg_nano.a(lib_a-nano-vfprintf.o)
                0x0000000008009c58                __sfputs_r
 .text._vfprintf_r
                0x0000000008009c7c      0x260 /home/user/Документы/AT32IDE/platform/tools/gcc-arm-none-eabi-10.3-2021.10/bin/../lib/gcc/arm-none-eabi/10.3.1/../../../../arm-none-eabi/lib/thumb/v7e-m+fp/hard/libg_nano.a(lib_a-nano-vfprintf.o)
                0x0000000008009c7c                _vfiprintf_r
                0x0000000008009c7c                _vfprintf_r
 .text.__swbuf_r
                0x0000000008009edc       0xa4 /home/user/Документы/AT32IDE/platform/tools/gcc-arm-none-eabi-10.3-2021.10/bin/../lib/gcc/arm-none-eabi/10.3.1/../../../../arm-none-eabi/lib/thumb/v7e-m+fp/hard/libg_nano.a(lib_a-wbuf.o)
                0x0000000008009edc                __swbuf_r
 .text.__swsetup_r
                0x0000000008009f80       0xdc /home/user/Документы/AT32IDE/platform/tools/gcc-arm-none-eabi-10.3-2021.10/bin/../lib/gcc/arm-none-eabi/10.3.1/../../../../arm-none-eabi/lib/thumb/v7e-m+fp/hard/libg_nano.a(lib_a-wsetup.o)
                0x0000000008009f80                __swsetup_r
 .text.abort    0x000000000800a05c        0xe /home/user/Документы/AT32IDE/platform/tools/gcc-arm-none-eabi-10.3-2021.10/bin/../lib/gcc/arm-none-eabi/10.3.1/../../../../arm-none-eabi/lib/thumb/v7e-m+fp/hard/libg_nano.a(lib_a-abort.o)
                0x000000000800a05c                abort
 .text._malloc_usable_size_r
                0x000000000800a06a       0x10 /home/user/Документы/AT32IDE/platform/tools/gcc-arm-none-eabi-10.3-2021.10/bin/../lib/gcc/arm-none-eabi/10.3.1/../../../../arm-none-eabi/lib/thumb/v7e-m+fp/hard/libg_nano.a(lib_a-nano-msizer.o)
                0x000000000800a06a                _malloc_usable_size_r
 .text._raise_r
                0x000000000800a07a       0x50 /home/user/Документы/AT32IDE/platform/tools/gcc-arm-none-eabi-10.3-2021.10/bin/../lib/gcc/arm-none-eabi/10.3.1/../../../../arm-none-eabi/lib/thumb/v7e-m+fp/hard/libg_nano.a(lib_a-signal.o)
                0x000000000800a07a                _raise_r
 *fill*         0x000000000800a0ca        0x2 
 .text.raise    0x000000000800a0cc       0x10 /home/user/Документы/AT32IDE/platform/tools/gcc-arm-none-eabi-10.3-2021.10/bin/../lib/gcc/arm-none-eabi/10.3.1/../../../../arm-none-eabi/lib/thumb/v7e-m+fp/hard/libg_nano.a(lib_a-signal.o)
                0x000000000800a0cc                raise
 .text._kill_r  0x000000000800a0dc       0x24 /home/user/Документы/AT32IDE/platform/tools/gcc-arm-none-eabi-10.3-2021.10/bin/../lib/gcc/arm-none-eabi/10.3.1/../../../../arm-none-eabi/lib/thumb/v7e-m+fp/hard/libg_nano.a(lib_a-signalr.o)
                0x000000000800a0dc                _kill_r
 .text._getpid_r
                0x000000000800a100        0x4 /home/user/Документы/AT32IDE/platform/tools/gcc-arm-none-eabi-10.3-2021.10/bin/../lib/gcc/arm-none-eabi/10.3.1/../../../../arm-none-eabi/lib/thumb/v7e-m+fp/hard/libg_nano.a(lib_a-signalr.o)
                0x000000000800a100                _getpid_r
 .text._close   0x000000000800a104       0x10 /home/user/Документы/AT32IDE/platform/tools/gcc-arm-none-eabi-10.3-2021.10/bin/../lib/gcc/arm-none-eabi/10.3.1/../../../../arm-none-eabi/lib/thumb/v7e-m+fp/hard/libnosys.a(close.o)
                0x000000000800a104                _close
 .text._fstat   0x000000000800a114       0x10 /home/user/Документы/AT32IDE/platform/tools/gcc-arm-none-eabi-10.3-2021.10/bin/../lib/gcc/arm-none-eabi/10.3.1/../../../../arm-none-eabi/lib/thumb/v7e-m+fp/hard/libnosys.a(fstat.o)
                0x000000000800a114                _fstat
 .text._getpid  0x000000000800a124       0x10 /home/user/Документы/AT32IDE/platform/tools/gcc-arm-none-eabi-10.3-2021.10/bin/../lib/gcc/arm-none-eabi/10.3.1/../../../../arm-none-eabi/lib/thumb/v7e-m+fp/hard/libnosys.a(getpid.o)
                0x000000000800a124                _getpid
 .text._isatty  0x000000000800a134       0x10 /home/user/Документы/AT32IDE/platform/tools/gcc-arm-none-eabi-10.3-2021.10/bin/../lib/gcc/arm-none-eabi/10.3.1/../../../../arm-none-eabi/lib/thumb/v7e-m+fp/hard/libnosys.a(isatty.o)
                0x000000000800a134                _isatty
 .text._kill    0x000000000800a144       0x10 /home/user/Документы/AT32IDE/platform/tools/gcc-arm-none-eabi-10.3-2021.10/bin/../lib/gcc/arm-none-eabi/10.3.1/../../../../arm-none-eabi/lib/thumb/v7e-m+fp/hard/libnosys.a(kill.o)
                0x000000000800a144                _kill
 .text._lseek   0x000000000800a154       0x10 /home/user/Документы/AT32IDE/platform/tools/gcc-arm-none-eabi-10.3-2021.10/bin/../lib/gcc/arm-none-eabi/10.3.1/../../../../arm-none-eabi/lib/thumb/v7e-m+fp/hard/libnosys.a(lseek.o)
                0x000000000800a154                _lseek
 .text._read    0x000000000800a164       0x10 /home/user/Документы/AT32IDE/platform/tools/gcc-arm-none-eabi-10.3-2021.10/bin/../lib/gcc/arm-none-eabi/10.3.1/../../../../arm-none-eabi/lib/thumb/v7e-m+fp/hard/libnosys.a(read.o)
                0x000000000800a164                _read
 .text._sbrk    0x000000000800a174       0x1c /home/user/Документы/AT32IDE/platform/tools/gcc-arm-none-eabi-10.3-2021.10/bin/../lib/gcc/arm-none-eabi/10.3.1/../../../../arm-none-eabi/lib/thumb/v7e-m+fp/hard/libnosys.a(sbrk.o)
                0x000000000800a174                _sbrk
 .text._exit    0x000000000800a190        0x4 /home/user/Документы/AT32IDE/platform/tools/gcc-arm-none-eabi-10.3-2021.10/bin/../lib/gcc/arm-none-eabi/10.3.1/../../../../arm-none-eabi/lib/thumb/v7e-m+fp/hard/libnosys.a(_exit.o)
                0x000000000800a190                _exit
 *(.glue_7)
 .glue_7        0x000000000800a194        0x0 linker stubs
 *(.glue_7t)
 .glue_7t       0x000000000800a194        0x0 linker stubs
 *(.eh_frame)
 .eh_frame      0x000000000800a194        0x0 /home/user/Документы/AT32IDE/platform/tools/gcc-arm-none-eabi-10.3-2021.10/bin/../lib/gcc/arm-none-eabi/10.3.1/thumb/v7e-m+fp/hard/crtbegin.o
 *(.init)
 .init          0x000000000800a194        0x4 /home/user/Документы/AT32IDE/platform/tools/gcc-arm-none-eabi-10.3-2021.10/bin/../lib/gcc/arm-none-eabi/10.3.1/thumb/v7e-m+fp/hard/crti.o
                0x000000000800a194                _init
 .init          0x000000000800a198        0x8 /home/user/Документы/AT32IDE/platform/tools/gcc-arm-none-eabi-10.3-2021.10/bin/../lib/gcc/arm-none-eabi/10.3.1/thumb/v7e-m+fp/hard/crtn.o
 *(.fini)
 .fini          0x000000000800a1a0        0x4 /home/user/Документы/AT32IDE/platform/tools/gcc-arm-none-eabi-10.3-2021.10/bin/../lib/gcc/arm-none-eabi/10.3.1/thumb/v7e-m+fp/hard/crti.o
                0x000000000800a1a0                _fini
 .fini          0x000000000800a1a4        0x8 /home/user/Документы/AT32IDE/platform/tools/gcc-arm-none-eabi-10.3-2021.10/bin/../lib/gcc/arm-none-eabi/10.3.1/thumb/v7e-m+fp/hard/crtn.o
                0x000000000800a1ac                . = ALIGN (0x4)
                0x000000000800a1ac                _etext = .

.vfp11_veneer   0x000000000800a1ac        0x0
 .vfp11_veneer  0x000000000800a1ac        0x0 linker stubs

.v4_bx          0x000000000800a1ac        0x0
 .v4_bx         0x000000000800a1ac        0x0 linker stubs

.iplt           0x000000000800a1ac        0x0
 .iplt          0x000000000800a1ac        0x0 /home/user/Документы/AT32IDE/platform/tools/gcc-arm-none-eabi-10.3-2021.10/bin/../lib/gcc/arm-none-eabi/10.3.1/thumb/v7e-m+fp/hard/crtbegin.o

.rodata         0x000000000800a1b0     0x9104
                0x000000000800a1b0                . = ALIGN (0x4)
 *(.rodata)
 .rodata        0x000000000800a1b0     0x4abc ./user/hardware/lcd/at32_video_ev_font.o
                0x000000000800a1b0                CHAR_INDEX_ARRAY_SIZE
                0x000000000800a1b4                Montserrat_16
                0x000000000800a1c0                Montserrat_12
                0x000000000800a1cc                Montserrat_16_bitmap
                0x000000000800c400                Montserrat_16_glf
                0x000000000800ce20                Montserrat_12_bitmap
                0x000000000800e24c                Montserrat_12_glf
 .rodata        0x000000000800ec6c     0x3444 ./user/images.o
                0x000000000800ec6c                Arrow_up_map
                0x000000000800edf8                Geoscan_logo_map
                0x000000000800f440                Info_map
                0x000000000800f8f0                Power_map
                0x000000000800fda0                Settings_map
                0x0000000008010250                Geoscan_map
                0x0000000008010700                Function_map
                0x0000000008010bb0                Back_map
                0x0000000008011060                Display_map
                0x0000000008011510                Network_map
                0x00000000080119c0                Clear_map
                0x0000000008011c00                Input_map
 .rodata        0x00000000080120b0      0x634 ./user/menu_functions.o
                0x00000000080120f8                button_positions
 .rodata        0x00000000080126e4      0x5e0 ./user/ssd1306_menu.o
                0x00000000080126e4                lcd_width
                0x00000000080126e6                lcd_height
                0x00000000080126e8                SCROLL_BAR_HEIGHT
 .rodata        0x0000000008012cc4       0x10 ./cmsis/system_at32f403a_407.o
 *(.rodata*)
 .rodata._global_impure_ptr
                0x0000000008012cd4        0x4 /home/user/Документы/AT32IDE/platform/tools/gcc-arm-none-eabi-10.3-2021.10/bin/../lib/gcc/arm-none-eabi/10.3.1/../../../../arm-none-eabi/lib/thumb/v7e-m+fp/hard/libg_nano.a(lib_a-impure.o)
                0x0000000008012cd4                _global_impure_ptr
 .rodata.__sf_fake_stderr
                0x0000000008012cd8       0x20 /home/user/Документы/AT32IDE/platform/tools/gcc-arm-none-eabi-10.3-2021.10/bin/../lib/gcc/arm-none-eabi/10.3.1/../../../../arm-none-eabi/lib/thumb/v7e-m+fp/hard/libg_nano.a(lib_a-findfp.o)
                0x0000000008012cd8                __sf_fake_stderr
 .rodata.__sf_fake_stdin
                0x0000000008012cf8       0x20 /home/user/Документы/AT32IDE/platform/tools/gcc-arm-none-eabi-10.3-2021.10/bin/../lib/gcc/arm-none-eabi/10.3.1/../../../../arm-none-eabi/lib/thumb/v7e-m+fp/hard/libg_nano.a(lib_a-findfp.o)
                0x0000000008012cf8                __sf_fake_stdin
 .rodata.__sf_fake_stdout
                0x0000000008012d18       0x20 /home/user/Документы/AT32IDE/platform/tools/gcc-arm-none-eabi-10.3-2021.10/bin/../lib/gcc/arm-none-eabi/10.3.1/../../../../arm-none-eabi/lib/thumb/v7e-m+fp/hard/libg_nano.a(lib_a-findfp.o)
                0x0000000008012d18                __sf_fake_stdout
 .rodata._setlocale_r.str1.1
                0x0000000008012d38        0x8 /home/user/Документы/AT32IDE/platform/tools/gcc-arm-none-eabi-10.3-2021.10/bin/../lib/gcc/arm-none-eabi/10.3.1/../../../../arm-none-eabi/lib/thumb/v7e-m+fp/hard/libg_nano.a(lib_a-locale.o)
                                          0x9 (size before relaxing)
 .rodata.str1.1
                0x0000000008012d40        0x2 /home/user/Документы/AT32IDE/platform/tools/gcc-arm-none-eabi-10.3-2021.10/bin/../lib/gcc/arm-none-eabi/10.3.1/../../../../arm-none-eabi/lib/thumb/v7e-m+fp/hard/libg_nano.a(lib_a-locale.o)
 *fill*         0x0000000008012d42        0x2 
 .rodata._svfwprintf_r.str4.4
                0x0000000008012d44       0xd0 /home/user/Документы/AT32IDE/platform/tools/gcc-arm-none-eabi-10.3-2021.10/bin/../lib/gcc/arm-none-eabi/10.3.1/../../../../arm-none-eabi/lib/thumb/v7e-m+fp/hard/libg_nano.a(lib_a-svfwprintf.o)
 .rodata.blanks.1
                0x0000000008012e14       0x40 /home/user/Документы/AT32IDE/platform/tools/gcc-arm-none-eabi-10.3-2021.10/bin/../lib/gcc/arm-none-eabi/10.3.1/../../../../arm-none-eabi/lib/thumb/v7e-m+fp/hard/libg_nano.a(lib_a-svfwprintf.o)
 .rodata.zeroes.0
                0x0000000008012e54       0x40 /home/user/Документы/AT32IDE/platform/tools/gcc-arm-none-eabi-10.3-2021.10/bin/../lib/gcc/arm-none-eabi/10.3.1/../../../../arm-none-eabi/lib/thumb/v7e-m+fp/hard/libg_nano.a(lib_a-svfwprintf.o)
 .rodata.btowc.str1.1
                0x0000000008012e94       0x96 /home/user/Документы/AT32IDE/platform/tools/gcc-arm-none-eabi-10.3-2021.10/bin/../lib/gcc/arm-none-eabi/10.3.1/../../../../arm-none-eabi/lib/thumb/v7e-m+fp/hard/libg_nano.a(lib_a-btowc.o)
 .rodata._ctype_
                0x0000000008012f2a      0x101 /home/user/Документы/AT32IDE/platform/tools/gcc-arm-none-eabi-10.3-2021.10/bin/../lib/gcc/arm-none-eabi/10.3.1/../../../../arm-none-eabi/lib/thumb/v7e-m+fp/hard/libg_nano.a(lib_a-ctype_.o)
                0x0000000008012f2a                _ctype_
 .rodata._dtoa_r.str1.1
                0x000000000801302b       0x9e /home/user/Документы/AT32IDE/platform/tools/gcc-arm-none-eabi-10.3-2021.10/bin/../lib/gcc/arm-none-eabi/10.3.1/../../../../arm-none-eabi/lib/thumb/v7e-m+fp/hard/libg_nano.a(lib_a-dtoa.o)
                                         0xb5 (size before relaxing)
 .rodata._Balloc.str1.1
                0x00000000080130c9       0x7f /home/user/Документы/AT32IDE/platform/tools/gcc-arm-none-eabi-10.3-2021.10/bin/../lib/gcc/arm-none-eabi/10.3.1/../../../../arm-none-eabi/lib/thumb/v7e-m+fp/hard/libg_nano.a(lib_a-mprec.o)
                                         0x96 (size before relaxing)
 .rodata.__multadd.str1.1
                0x0000000008013148       0x11 /home/user/Документы/AT32IDE/platform/tools/gcc-arm-none-eabi-10.3-2021.10/bin/../lib/gcc/arm-none-eabi/10.3.1/../../../../arm-none-eabi/lib/thumb/v7e-m+fp/hard/libg_nano.a(lib_a-mprec.o)
 .rodata.__mprec_bigtens
                0x0000000008013148       0x28 /home/user/Документы/AT32IDE/platform/tools/gcc-arm-none-eabi-10.3-2021.10/bin/../lib/gcc/arm-none-eabi/10.3.1/../../../../arm-none-eabi/lib/thumb/v7e-m+fp/hard/libg_nano.a(lib_a-mprec.o)
                0x0000000008013148                __mprec_bigtens
 .rodata.__mprec_tens
                0x0000000008013170       0xc8 /home/user/Документы/AT32IDE/platform/tools/gcc-arm-none-eabi-10.3-2021.10/bin/../lib/gcc/arm-none-eabi/10.3.1/../../../../arm-none-eabi/lib/thumb/v7e-m+fp/hard/libg_nano.a(lib_a-mprec.o)
                0x0000000008013170                __mprec_tens
 .rodata.p05.0  0x0000000008013238        0xc /home/user/Документы/AT32IDE/platform/tools/gcc-arm-none-eabi-10.3-2021.10/bin/../lib/gcc/arm-none-eabi/10.3.1/../../../../arm-none-eabi/lib/thumb/v7e-m+fp/hard/libg_nano.a(lib_a-mprec.o)
 .rodata._printf_i.str1.1
                0x0000000008013244       0x22 /home/user/Документы/AT32IDE/platform/tools/gcc-arm-none-eabi-10.3-2021.10/bin/../lib/gcc/arm-none-eabi/10.3.1/../../../../arm-none-eabi/lib/thumb/v7e-m+fp/hard/libg_nano.a(lib_a-nano-vfprintf_i.o)
 .rodata.__assert_func.str1.1
                0x0000000008013266       0x3c /home/user/Документы/AT32IDE/platform/tools/gcc-arm-none-eabi-10.3-2021.10/bin/../lib/gcc/arm-none-eabi/10.3.1/../../../../arm-none-eabi/lib/thumb/v7e-m+fp/hard/libg_nano.a(lib_a-assert.o)
                                         0x3d (size before relaxing)
 .rodata._vfprintf_r.str1.1
                0x00000000080132a2       0x11 /home/user/Документы/AT32IDE/platform/tools/gcc-arm-none-eabi-10.3-2021.10/bin/../lib/gcc/arm-none-eabi/10.3.1/../../../../arm-none-eabi/lib/thumb/v7e-m+fp/hard/libg_nano.a(lib_a-nano-vfprintf.o)
                0x00000000080132b4                . = ALIGN (0x4)
 *fill*         0x00000000080132b3        0x1 

.rel.dyn        0x00000000080132b4        0x0
 .rel.iplt      0x00000000080132b4        0x0 /home/user/Документы/AT32IDE/platform/tools/gcc-arm-none-eabi-10.3-2021.10/bin/../lib/gcc/arm-none-eabi/10.3.1/thumb/v7e-m+fp/hard/crtbegin.o

.ARM.extab
 *(.ARM.extab* .gnu.linkonce.armextab.*)

.ARM            0x00000000080132b4        0x0
                0x00000000080132b4                __exidx_start = .
 *(.ARM.exidx*)
                0x00000000080132b4                __exidx_end = .

.preinit_array  0x00000000080132b4        0x0
                0x00000000080132b4                PROVIDE (__preinit_array_start = .)
 *(.preinit_array*)
                0x00000000080132b4                PROVIDE (__preinit_array_end = .)

.init_array     0x00000000080132b4        0x4
                0x00000000080132b4                PROVIDE (__init_array_start = .)
 *(SORT_BY_NAME(.init_array.*))
 *(.init_array*)
 .init_array    0x00000000080132b4        0x4 /home/user/Документы/AT32IDE/platform/tools/gcc-arm-none-eabi-10.3-2021.10/bin/../lib/gcc/arm-none-eabi/10.3.1/thumb/v7e-m+fp/hard/crtbegin.o
                0x00000000080132b8                PROVIDE (__init_array_end = .)

.fini_array     0x00000000080132b8        0x4
                [!provide]                        PROVIDE (__fini_array_start = .)
 *(SORT_BY_NAME(.fini_array.*))
 *(.fini_array*)
 .fini_array    0x00000000080132b8        0x4 /home/user/Документы/AT32IDE/platform/tools/gcc-arm-none-eabi-10.3-2021.10/bin/../lib/gcc/arm-none-eabi/10.3.1/thumb/v7e-m+fp/hard/crtbegin.o
                [!provide]                        PROVIDE (__fini_array_end = .)
                0x00000000080132bc                _sidata = LOADADDR (.data)

.data           0x0000000020000000      0xc04 load address 0x00000000080132bc
                0x0000000020000000                . = ALIGN (0x4)
                0x0000000020000000                _sdata = .
 *(.data)
 .data          0x0000000020000000      0x78c ./user/hardware/lcd/at32_video_ev_font.o
                0x0000000020000000                charIndexArray
 .data          0x000000002000078c        0x1 ./user/encoder_navigation.o
                0x000000002000078c                scroll_threshold
 *fill*         0x000000002000078d        0x3 
 .data          0x0000000020000790       0x90 ./user/images.o
                0x0000000020000790                Geoscan_logo
                0x000000002000079c                Info
                0x00000000200007a8                Power
                0x00000000200007b4                Settings
                0x00000000200007c0                Geoscan
                0x00000000200007cc                Function
                0x00000000200007d8                Back
                0x00000000200007e4                Display
                0x00000000200007f0                Network
                0x00000000200007fc                Clear
                0x0000000020000808                Input
                0x0000000020000814                Arrow_up
 .data          0x0000000020000820      0x18c ./user/menu_functions.o
                0x0000000020000820                temp_bright
                0x0000000020000824                buttons_lower
                0x00000000200008e8                buttons_upper
 .data          0x00000000200009ac       0x60 ./user/ssd1306_menu.o
                0x00000000200009ac                brightness_data
                0x00000000200009b8                inversion_state
 .data          0x0000000020000a0c        0x4 ./cmsis/system_at32f403a_407.o
                0x0000000020000a0c                system_core_clock
 .data          0x0000000020000a10       0x21 ./bsp/at32f403a_407_board.o
                0x0000000020000a10                led_gpio_port
                0x0000000020000a1c                led_gpio_pin
                0x0000000020000a24                led_gpio_crm_clk
 *(.data*)
 *fill*         0x0000000020000a31        0x3 
 .data._impure_ptr
                0x0000000020000a34        0x4 /home/user/Документы/AT32IDE/platform/tools/gcc-arm-none-eabi-10.3-2021.10/bin/../lib/gcc/arm-none-eabi/10.3.1/../../../../arm-none-eabi/lib/thumb/v7e-m+fp/hard/libg_nano.a(lib_a-impure.o)
                0x0000000020000a34                _impure_ptr
 .data.impure_data
                0x0000000020000a38       0x60 /home/user/Документы/AT32IDE/platform/tools/gcc-arm-none-eabi-10.3-2021.10/bin/../lib/gcc/arm-none-eabi/10.3.1/../../../../arm-none-eabi/lib/thumb/v7e-m+fp/hard/libg_nano.a(lib_a-impure.o)
 .data.__global_locale
                0x0000000020000a98      0x16c /home/user/Документы/AT32IDE/platform/tools/gcc-arm-none-eabi-10.3-2021.10/bin/../lib/gcc/arm-none-eabi/10.3.1/../../../../arm-none-eabi/lib/thumb/v7e-m+fp/hard/libg_nano.a(lib_a-locale.o)
                0x0000000020000a98                __global_locale
                0x0000000020000c04                . = ALIGN (0x4)
                0x0000000020000c04                _edata = .
                0x0000000008400000                _spim_init_base = LOADADDR (.spim)
                0x0000000000000000                _spim_init_length = SIZEOF (.spim)

.igot.plt       0x0000000020000c04        0x0 load address 0x0000000008013ec0
 .igot.plt      0x0000000020000c04        0x0 /home/user/Документы/AT32IDE/platform/tools/gcc-arm-none-eabi-10.3-2021.10/bin/../lib/gcc/arm-none-eabi/10.3.1/thumb/v7e-m+fp/hard/crtbegin.o

.spim           0x0000000008400000        0x0
                0x0000000008400000                . = ALIGN (0x4)
                0x0000000008400000                _spim_start = .
 *(.spim)
 *(.spim*)
                0x0000000008400000                . = ALIGN (0x4)
                0x0000000008400000                _spim_end = .
                0x0000000008400000                . = ALIGN (0x4)

.bss            0x0000000020000c08     0xa730
                0x0000000020000c08                _sbss = .
                0x0000000020000c08                __bss_start__ = _sbss
 *(.bss)
 .bss           0x0000000020000c08       0x1c /home/user/Документы/AT32IDE/platform/tools/gcc-arm-none-eabi-10.3-2021.10/bin/../lib/gcc/arm-none-eabi/10.3.1/thumb/v7e-m+fp/hard/crtbegin.o
 .bss           0x0000000020000c24     0xa014 ./user/hardware/lcd/at32_video_ev_lcd.o
                0x0000000020000c24                point_color
                0x0000000020000c28                lcddev
                0x0000000020000c38                lcd_buffer
 .bss           0x000000002000ac38       0x10 ./user/at32f403a_407_int.o
                0x000000002000ac38                millis_counter
                0x000000002000ac3c                flag_timeout
                0x000000002000ac40                time_button
 .bss           0x000000002000ac48       0x30 ./user/button_control.o
                0x000000002000ac48                button_1
                0x000000002000ac60                button_2
 .bss           0x000000002000ac78       0x1c ./user/encoder_navigation.o
                0x000000002000ac7c                buttonStarttime
                0x000000002000ac8c                encoder_delta
                0x000000002000ac90                temp_encoder
 .bss           0x000000002000ac94       0x1c ./user/main.o
                0x000000002000ac94                current_time
                0x000000002000ac98                buttonState
                0x000000002000ac9c                buttonPressTime
                0x000000002000aca0                eeprom_val
                0x000000002000aca8                run
                0x000000002000acaa                eeprom
                0x000000002000acac                button_press_time
 .bss           0x000000002000acb0       0xb0 ./user/menu_functions.o
                0x000000002000acb0                encoder_count
                0x000000002000acb4                temporary_encoder
                0x000000002000acb8                value
                0x000000002000ad1c                functionRunning
                0x000000002000ad1d                button_pressed
                0x000000002000ad1e                isPlaying
                0x000000002000ad1f                colorInversionState
                0x000000002000ad20                functionStartTime
                0x000000002000ad24                isInversed
                0x000000002000ad25                isEditing
                0x000000002000ad26                entered_number
                0x000000002000ad28                capsLock
                0x000000002000ad2c                input_number
                0x000000002000ad58                input_length
                0x000000002000ad5c                encoder_position
 .bss           0x000000002000ad60      0x5bc ./user/ssd1306_menu.o
                0x000000002000ad60                current_menu
                0x000000002000ad64                MainMenu
                0x000000002000b004                DisplayMenu
                0x000000002000b1c4                SettingsMenu
                0x000000002000b314                selected_item
                0x000000002000b316                menu_y_offset
                0x000000002000b318                active_menu_item
 .bss           0x000000002000b31c        0x8 ./bsp/at32f403a_407_board.o
 *(.bss*)
 .bss.__lock___malloc_recursive_mutex
                0x000000002000b324        0x1 /home/user/Документы/AT32IDE/platform/tools/gcc-arm-none-eabi-10.3-2021.10/bin/../lib/gcc/arm-none-eabi/10.3.1/../../../../arm-none-eabi/lib/thumb/v7e-m+fp/hard/libg_nano.a(lib_a-lock.o)
                0x000000002000b324                __lock___malloc_recursive_mutex
 .bss.__lock___sfp_recursive_mutex
                0x000000002000b325        0x1 /home/user/Документы/AT32IDE/platform/tools/gcc-arm-none-eabi-10.3-2021.10/bin/../lib/gcc/arm-none-eabi/10.3.1/../../../../arm-none-eabi/lib/thumb/v7e-m+fp/hard/libg_nano.a(lib_a-lock.o)
                0x000000002000b325                __lock___sfp_recursive_mutex
 .bss.__lock___sinit_recursive_mutex
                0x000000002000b326        0x1 /home/user/Документы/AT32IDE/platform/tools/gcc-arm-none-eabi-10.3-2021.10/bin/../lib/gcc/arm-none-eabi/10.3.1/../../../../arm-none-eabi/lib/thumb/v7e-m+fp/hard/libg_nano.a(lib_a-lock.o)
                0x000000002000b326                __lock___sinit_recursive_mutex
 *fill*         0x000000002000b327        0x1 
 .bss.__malloc_free_list
                0x000000002000b328        0x4 /home/user/Документы/AT32IDE/platform/tools/gcc-arm-none-eabi-10.3-2021.10/bin/../lib/gcc/arm-none-eabi/10.3.1/../../../../arm-none-eabi/lib/thumb/v7e-m+fp/hard/libg_nano.a(lib_a-nano-mallocr.o)
                0x000000002000b328                __malloc_free_list
 .bss.__malloc_sbrk_start
                0x000000002000b32c        0x4 /home/user/Документы/AT32IDE/platform/tools/gcc-arm-none-eabi-10.3-2021.10/bin/../lib/gcc/arm-none-eabi/10.3.1/../../../../arm-none-eabi/lib/thumb/v7e-m+fp/hard/libg_nano.a(lib_a-nano-mallocr.o)
                0x000000002000b32c                __malloc_sbrk_start
 .bss.errno     0x000000002000b330        0x4 /home/user/Документы/AT32IDE/platform/tools/gcc-arm-none-eabi-10.3-2021.10/bin/../lib/gcc/arm-none-eabi/10.3.1/../../../../arm-none-eabi/lib/thumb/v7e-m+fp/hard/libg_nano.a(lib_a-reent.o)
                0x000000002000b330                errno
 .bss.heap_end.0
                0x000000002000b334        0x4 /home/user/Документы/AT32IDE/platform/tools/gcc-arm-none-eabi-10.3-2021.10/bin/../lib/gcc/arm-none-eabi/10.3.1/../../../../arm-none-eabi/lib/thumb/v7e-m+fp/hard/libnosys.a(sbrk.o)
 *(COMMON)
                0x000000002000b338                . = ALIGN (0x4)
                0x000000002000b338                _ebss = .
                0x000000002000b338                __bss_end__ = _ebss

._user_heap_stack
                0x000000002000b338      0x600
                0x000000002000b338                . = ALIGN (0x8)
                0x000000002000b338                PROVIDE (end = .)
                [!provide]                        PROVIDE (_end = .)
                0x000000002000b538                . = (. + _Min_Heap_Size)
 *fill*         0x000000002000b338      0x200 
                0x000000002000b938                . = (. + _Min_Stack_Size)
 *fill*         0x000000002000b538      0x400 
                0x000000002000b938                . = ALIGN (0x8)

/DISCARD/
 libc.a(*)
 libm.a(*)
 libgcc.a(*)

.ARM.attributes
                0x0000000000000000       0x30
 *(.ARM.attributes)
 .ARM.attributes
                0x0000000000000000       0x1e /home/user/Документы/AT32IDE/platform/tools/gcc-arm-none-eabi-10.3-2021.10/bin/../lib/gcc/arm-none-eabi/10.3.1/thumb/v7e-m+fp/hard/crti.o
 .ARM.attributes
                0x000000000000001e       0x34 /home/user/Документы/AT32IDE/platform/tools/gcc-arm-none-eabi-10.3-2021.10/bin/../lib/gcc/arm-none-eabi/10.3.1/thumb/v7e-m+fp/hard/crtbegin.o
 .ARM.attributes
                0x0000000000000052       0x34 ./user/hardware/spi/at32_video_ev_spi.o
 .ARM.attributes
                0x0000000000000086       0x34 ./user/hardware/lcd/at32_video_ev_font.o
 .ARM.attributes